Component: ARM Compiler 5.06 update 7 (build 960) Tool: armlink [4d3601]

==============================================================================

Section Cross References

    main.o(.text) refers to bsp_driver.o(.text) for DriverInit
    main.o(.text) refers to app_user.o(.text) for Read_eepromData
    main.o(.text) refers to app_comm.o(.text) for InitComm0Data
    main.o(.text) refers to misc.o(.text) for NVIC_PriorityGroupConfig
    main.o(.text) refers to usart.o(.text) for uart_init
    main.o(.text) refers to ff.o(.text) for f_mount
    main.o(.text) refers to usbh_core.o(.text) for USBH_Init
    main.o(.text) refers to stm32f4xx_iwdg.o(.text) for IWDG_Enable
    main.o(.text) refers to uart_vgus.o(.text) for VgusMasterRun
    main.o(.text) refers to bsp_timer.o(.text) for Bsp_Control_10ms
    main.o(.text) refers to modbus_rtu.o(.text) for ModbusRTUSlaveRun
    main.o(.text) refers to app_start_proc.o(.text) for Run_Proc
    main.o(.text) refers to app_lock_proc.o(.text) for DLockCtrl
    main.o(.text) refers to app_temp.o(.text) for Temp_Proc
    main.o(.text) refers to app_beep.o(.text) for Beep_Proc
    main.o(.text) refers to unbalance.o(.text) for Balance
    main.o(.text) refers to bsp_timer.o(.bss) for Timer_1S
    main.o(.text) refers to exfuns.o(.bss) for fs
    main.o(.text) refers to main.o(.data) for .data
    main.o(.text) refers to usbh_usr.o(.data) for USR_Callbacks
    main.o(.text) refers to usbh_msc_core.o(.data) for USBH_MSC_cb
    main.o(.text) refers to main.o(.bss) for .bss
    main.o(.text) refers to app_comm.o(.bss) for HldReg
    stm32f4xx_it.o(.text) refers to bsp_timer.o(.text) for SysTick_ISR
    stm32f4xx_it.o(.text) refers to stm32f4xx_usart.o(.text) for USART_GetITStatus
    stm32f4xx_it.o(.text) refers to bsp_uart.o(.text) for save_buf_byte
    stm32f4xx_it.o(.text) refers to app_controlcomm.o(.text) for Comm_Rece_Block
    stm32f4xx_it.o(.text) refers to bsp_uart.o(.bss) for UART_3
    stm32f4xx_it.o(.text) refers to app_controlcomm.o(.bss) for tranStr
    stm32f4xx_it.o(.text) refers to app_controlcomm.o(.data) for sendPos
    system_stm32f4xx.o(.text) refers to system_stm32f4xx.o(.data) for .data
    sdio_sdcard.o(.text) refers to stm32f4xx_sdio.o(.text) for SDIO_GetFlagStatus
    sdio_sdcard.o(.text) refers to sdio_sdcard.o(.data) for .data
    sdio_sdcard.o(.text) refers to sdio_sdcard.o(.bss) for .bss
    sdio_sdcard.o(.text) refers to stm32f4xx_rcc.o(.text) for RCC_AHB1PeriphClockCmd
    sdio_sdcard.o(.text) refers to stm32f4xx_gpio.o(.text) for GPIO_Init
    sdio_sdcard.o(.text) refers to misc.o(.text) for NVIC_Init
    sdio_sdcard.o(.text) refers to stm32f4xx_dma.o(.text) for DMA_GetCmdStatus
    sdio_sdcard.o(.text) refers to sys.o(.emb_text) for INTX_DISABLE
    sdio_sdcard.o(.text) refers to rt_memcpy_v6.o(.text) for __aeabi_memcpy
    spi.o(.text) refers to stm32f4xx_spi.o(.text) for SPI_I2S_GetFlagStatus
    spi.o(.text) refers to stm32f4xx_rcc.o(.text) for RCC_AHB1PeriphClockCmd
    spi.o(.text) refers to stm32f4xx_gpio.o(.text) for GPIO_Init
    w25qxx.o(.text) refers to _printf_percent.o(.ARM.Collect$$_printf_percent$$00000000) for _printf_percent
    w25qxx.o(.text) refers to _printf_x.o(.ARM.Collect$$_printf_percent$$0000000C) for _printf_x
    w25qxx.o(.text) refers to _printf_hex_int.o(.text) for _printf_longlong_hex
    w25qxx.o(.text) refers to spi.o(.text) for SPI2_ReadWriteByte
    w25qxx.o(.text) refers to stm32f4xx_rcc.o(.text) for RCC_AHB1PeriphClockCmd
    w25qxx.o(.text) refers to stm32f4xx_gpio.o(.text) for GPIO_Init
    w25qxx.o(.text) refers to noretval__2printf.o(.text) for __2printf
    w25qxx.o(.text) refers to w25qxx.o(.data) for .data
    w25qxx.o(.text) refers to w25qxx.o(.bss) for .bss
    w25qxx.o(.text) refers to bsp_timer.o(.text) for Delay_us
    bsp_24xx02.o(.text) refers to bsp_i2c_gpio.o(.text) for i2c_CheckDevice
    bsp_24xx02.o(.text) refers to bsp_24xx02.o(.data) for .data
    bsp_driver.o(.text) refers to system_stm32f4xx.o(.text) for SystemInit
    bsp_driver.o(.text) refers to stm32f4xx_iwdg.o(.text) for IWDG_WriteAccessCmd
    bsp_driver.o(.text) refers to misc.o(.text) for NVIC_Init
    bsp_driver.o(.text) refers to app_beep.o(.text) for BeepInit
    bsp_driver.o(.text) refers to mpu6050.o(.text) for MPU_Init
    bsp_driver.o(.text) refers to bsp_gpio.o(.text) for bsp_InitOutput
    bsp_driver.o(.text) refers to bsp_timer.o(.text) for bsp_InitTimer
    bsp_driver.o(.text) refers to bsp_24xx02.o(.text) for ee_CheckOk
    bsp_driver.o(.text) refers to bsp_adc.o(.text) for ADC_Configuration
    bsp_driver.o(.text) refers to bsp_uart.o(.text) for UART_Init
    bsp_driver.o(.text) refers to w25qxx.o(.text) for W25QXX_Init
    bsp_driver.o(.text) refers to bsp_mcp3208.o(.text) for MCP3208_Init
    bsp_driver.o(.text) refers to bsp_button.o(.text) for keyInit
    bsp_driver.o(.text) refers to rtc.o(.text) for My_RTC_Init
    bsp_driver.o(.text) refers to bsp_uart.o(.bss) for UART_3
[...]
    ADC_GetFlagStatus                        0x0801bfd1   Thumb Code    14  stm32f4xx_adc.o(.text)
    ADC_ClearFlag                            0x0801bfdf   Thumb Code     6  stm32f4xx_adc.o(.text)
    ADC_GetITStatus                          0x0801bfe5   Thumb Code    36  stm32f4xx_adc.o(.text)
    ADC_ClearITPendingBit                    0x0801c009   Thumb Code     8  stm32f4xx_adc.o(.text)
    RTC_WaitForSynchro                       0x0801c01d   Thumb Code    66  stm32f4xx_rtc.o(.text)
    RTC_EnterInitMode                        0x0801c05f   Thumb Code    64  stm32f4xx_rtc.o(.text)
    RTC_DeInit                               0x0801c09f   Thumb Code   172  stm32f4xx_rtc.o(.text)
    RTC_ExitInitMode                         0x0801c14b   Thumb Code    12  stm32f4xx_rtc.o(.text)
    RTC_Init                                 0x0801c157   Thumb Code    80  stm32f4xx_rtc.o(.text)
    RTC_StructInit                           0x0801c1a7   Thumb Code    14  stm32f4xx_rtc.o(.text)
    RTC_WriteProtectionCmd                   0x0801c1b5   Thumb Code    18  stm32f4xx_rtc.o(.text)
    RTC_RefClockCmd                          0x0801c1c7   Thumb Code    68  stm32f4xx_rtc.o(.text)
    RTC_BypassShadowCmd                      0x0801c20b   Thumb Code    34  stm32f4xx_rtc.o(.text)
    RTC_SetTime                              0x0801c22d   Thumb Code   158  stm32f4xx_rtc.o(.text)
    RTC_TimeStructInit                       0x0801c2cb   Thumb Code    12  stm32f4xx_rtc.o(.text)
    RTC_GetTime                              0x0801c2d7   Thumb Code   102  stm32f4xx_rtc.o(.text)
    RTC_GetSubSecond                         0x0801c33d   Thumb Code    10  stm32f4xx_rtc.o(.text)
    RTC_SetDate                              0x0801c347   Thumb Code   152  stm32f4xx_rtc.o(.text)
    RTC_DateStructInit                       0x0801c3df   Thumb Code    14  stm32f4xx_rtc.o(.text)
    RTC_GetDate                              0x0801c3ed   Thumb Code   166  stm32f4xx_rtc.o(.text)
    RTC_SetAlarm                             0x0801c493   Thumb Code   150  stm32f4xx_rtc.o(.text)
    RTC_AlarmStructInit                      0x0801c529   Thumb Code    20  stm32f4xx_rtc.o(.text)
    RTC_GetAlarm                             0x0801c53d   Thumb Code   138  stm32f4xx_rtc.o(.text)
    RTC_AlarmCmd                             0x0801c5c7   Thumb Code    86  stm32f4xx_rtc.o(.text)
    RTC_AlarmSubSecondConfig                 0x0801c61d   Thumb Code    38  stm32f4xx_rtc.o(.text)
    RTC_GetAlarmSubSecond                    0x0801c643   Thumb Code    26  stm32f4xx_rtc.o(.text)
    RTC_WakeUpClockConfig                    0x0801c65d   Thumb Code    32  stm32f4xx_rtc.o(.text)
    RTC_SetWakeUpCounter                     0x0801c67d   Thumb Code    20  stm32f4xx_rtc.o(.text)
    RTC_GetWakeUpCounter                     0x0801c691   Thumb Code     8  stm32f4xx_rtc.o(.text)
    RTC_WakeUpCmd                            0x0801c699   Thumb Code    82  stm32f4xx_rtc.o(.text)
    RTC_DayLightSavingConfig                 0x0801c6eb   Thumb Code    42  stm32f4xx_rtc.o(.text)
    RTC_GetStoreOperation                    0x0801c715   Thumb Code    10  stm32f4xx_rtc.o(.text)
    RTC_OutputConfig                         0x0801c71f   Thumb Code    42  stm32f4xx_rtc.o(.text)
    RTC_CoarseCalibConfig                    0x0801c749   Thumb Code    60  stm32f4xx_rtc.o(.text)
    RTC_CoarseCalibCmd                       0x0801c785   Thumb Code    68  stm32f4xx_rtc.o(.text)
    RTC_CalibOutputCmd                       0x0801c7c9   Thumb Code    34  stm32f4xx_rtc.o(.text)
    RTC_CalibOutputConfig                    0x0801c7eb   Thumb Code    32  stm32f4xx_rtc.o(.text)
    RTC_SmoothCalibConfig                    0x0801c80b   Thumb Code    86  stm32f4xx_rtc.o(.text)
    RTC_TimeStampCmd                         0x0801c861   Thumb Code    84  stm32f4xx_rtc.o(.text)
    RTC_GetTimeStamp                         0x0801c8b5   Thumb Code   194  stm32f4xx_rtc.o(.text)
    RTC_GetTimeStampSubSecond                0x0801c977   Thumb Code     6  stm32f4xx_rtc.o(.text)
    RTC_TamperTriggerConfig                  0x0801c97d   Thumb Code    20  stm32f4xx_rtc.o(.text)
    RTC_TamperCmd                            0x0801c991   Thumb Code    18  stm32f4xx_rtc.o(.text)
    RTC_TamperFilterConfig                   0x0801c9a3   Thumb Code    18  stm32f4xx_rtc.o(.text)
    RTC_TamperSamplingFreqConfig             0x0801c9b5   Thumb Code    18  stm32f4xx_rtc.o(.text)
    RTC_TamperPinsPrechargeDuration          0x0801c9c7   Thumb Code    18  stm32f4xx_rtc.o(.text)
    RTC_TimeStampOnTamperDetectionCmd        0x0801c9d9   Thumb Code    20  stm32f4xx_rtc.o(.text)
    RTC_TamperPullUpCmd                      0x0801c9ed   Thumb Code    20  stm32f4xx_rtc.o(.text)
    RTC_WriteBackupRegister                  0x0801ca01   Thumb Code    16  stm32f4xx_rtc.o(.text)
    RTC_ReadBackupRegister                   0x0801ca11   Thumb Code    16  stm32f4xx_rtc.o(.text)
    RTC_TamperPinSelection                   0x0801ca21   Thumb Code    18  stm32f4xx_rtc.o(.text)
    RTC_TimeStampPinSelection                0x0801ca33   Thumb Code    18  stm32f4xx_rtc.o(.text)
    RTC_OutputTypeConfig                     0x0801ca45   Thumb Code    18  stm32f4xx_rtc.o(.text)
    RTC_SynchroShiftConfig                   0x0801ca57   Thumb Code    94  stm32f4xx_rtc.o(.text)
    RTC_ITConfig                             0x0801cab5   Thumb Code    60  stm32f4xx_rtc.o(.text)
    RTC_GetFlagStatus                        0x0801caf1   Thumb Code    20  stm32f4xx_rtc.o(.text)
    RTC_ClearFlag                            0x0801cb05   Thumb Code    22  stm32f4xx_rtc.o(.text)
    RTC_GetITStatus                          0x0801cb1b   Thumb Code    42  stm32f4xx_rtc.o(.text)
    RTC_ClearITPendingBit                    0x0801cb45   Thumb Code    24  stm32f4xx_rtc.o(.text)
    PWR_DeInit                               0x0801cbb9   Thumb Code    24  stm32f4xx_pwr.o(.text)
    PWR_BackupAccessCmd                      0x0801cbd1   Thumb Code     6  stm32f4xx_pwr.o(.text)
    PWR_PVDLevelConfig                       0x0801cbd7   Thumb Code    14  stm32f4xx_pwr.o(.text)
    PWR_PVDCmd                               0x0801cbe5   Thumb Code     6  stm32f4xx_pwr.o(.text)
    PWR_WakeUpPinCmd                         0x0801cbeb   Thumb Code     8  stm32f4xx_pwr.o(.text)
    PWR_BackupRegulatorCmd                   0x0801cbf3   Thumb Code     8  stm32f4xx_pwr.o(.text)
    PWR_MainRegulatorModeConfig              0x0801cbfb   Thumb Code    14  stm32f4xx_pwr.o(.text)
    PWR_OverDriveCmd                         0x0801cc09   Thumb Code     6  stm32f4xx_pwr.o(.text)
    PWR_OverDriveSWCmd                       0x0801cc0f   Thumb Code     6  stm32f4xx_pwr.o(.text)
    PWR_UnderDriveCmd                        0x0801cc15   Thumb Code    20  stm32f4xx_pwr.o(.text)
    PWR_MainRegulatorLowVoltageCmd           0x0801cc29   Thumb Code    12  stm32f4xx_pwr.o(.text)
    PWR_LowRegulatorLowVoltageCmd            0x0801cc35   Thumb Code    12  stm32f4xx_pwr.o(.text)
    PWR_FlashPowerDownCmd                    0x0801cc41   Thumb Code     6  stm32f4xx_pwr.o(.text)
    PWR_EnterSTOPMode                        0x0801cc47   Thumb Code    44  stm32f4xx_pwr.o(.text)
    PWR_EnterUnderDriveSTOPMode              0x0801cc73   Thumb Code    44  stm32f4xx_pwr.o(.text)
    PWR_EnterSTANDBYMode                     0x0801cc9f   Thumb Code    24  stm32f4xx_pwr.o(.text)
    PWR_GetFlagStatus                        0x0801ccb7   Thumb Code    16  stm32f4xx_pwr.o(.text)
    PWR_ClearFlag                            0x0801ccc7   Thumb Code    12  stm32f4xx_pwr.o(.text)
    mymemcpy                                 0x0801cce1   Thumb Code    48  malloc.o(.text)
    mymemset                                 0x0801cd11   Thumb Code    36  malloc.o(.text)
    my_mem_init                              0x0801cd35   Thumb Code    94  malloc.o(.text)
    my_mem_perused                           0x0801cd93   Thumb Code    52  malloc.o(.text)
    my_mem_malloc                            0x0801cdc7   Thumb Code   184  malloc.o(.text)
    my_mem_free                              0x0801ce7f   Thumb Code   100  malloc.o(.text)
    myfree                                   0x0801cee3   Thumb Code   114  malloc.o(.text)
    mymalloc                                 0x0801cf55   Thumb Code    30  malloc.o(.text)
    myrealloc                                0x0801cf73   Thumb Code   186  malloc.o(.text)
    disk_initialize                          0x0801d03d   Thumb Code    50  diskio.o(.text)
    disk_status                              0x0801d06f   Thumb Code     4  diskio.o(.text)
    disk_read                                0x0801d073   Thumb Code   104  diskio.o(.text)
    disk_write                               0x0801d0db   Thumb Code   104  diskio.o(.text)
    disk_ioctl                               0x0801d143   Thumb Code   138  diskio.o(.text)
    get_fattime                              0x0801d1cd   Thumb Code     4  diskio.o(.text)
    ff_memalloc                              0x0801d1d1   Thumb Code     8  diskio.o(.text)
    ff_memfree                               0x0801d1d9   Thumb Code     8  diskio.o(.text)
    clust2sect                               0x0801d2d3   Thumb Code    24  ff.o(.text)
    get_fat                                  0x0801d2eb   Thumb Code   200  ff.o(.text)
    put_fat                                  0x0801d3b3   Thumb Code   250  ff.o(.text)
    dir_sdi                                  0x0801d55f   Thumb Code   148  ff.o(.text)
    f_mount                                  0x0801e4a5   Thumb Code   114  ff.o(.text)
    f_open                                   0x0801e517   Thumb Code   426  ff.o(.text)
    f_read                                   0x0801e6c1   Thumb Code   432  ff.o(.text)
    f_write                                  0x0801e871   Thumb Code   470  ff.o(.text)
    f_sync                                   0x0801ea47   Thumb Code   172  ff.o(.text)
    f_close                                  0x0801eaf3   Thumb Code    30  ff.o(.text)
    f_lseek                                  0x0801eb11   Thumb Code   652  ff.o(.text)
    f_opendir                                0x0801ed9d   Thumb Code   140  ff.o(.text)
    f_closedir                               0x0801ee29   Thumb Code    18  ff.o(.text)
    f_readdir                                0x0801ee3b   Thumb Code   130  ff.o(.text)
    f_stat                                   0x0801eebd   Thumb Code    88  ff.o(.text)
    f_getfree                                0x0801ef15   Thumb Code   238  ff.o(.text)
    f_truncate                               0x0801f003   Thumb Code   180  ff.o(.text)
    f_unlink                                 0x0801f0b7   Thumb Code   350  ff.o(.text)
    f_mkdir                                  0x0801f215   Thumb Code   538  ff.o(.text)
    f_chmod                                  0x0801f42f   Thumb Code   112  ff.o(.text)
    f_utime                                  0x0801f49f   Thumb Code   112  ff.o(.text)
    f_rename                                 0x0801f50f   Thumb Code   508  ff.o(.text)
    f_getlabel                               0x0801f70b   Thumb Code   162  ff.o(.text)
    f_setlabel                               0x0801f7ad   Thumb Code   542  ff.o(.text)
    f_mkfs                                   0x0801f9cb   Thumb Code  1408  ff.o(.text)
    f_gets                                   0x0801ff4b   Thumb Code    88  ff.o(.text)
    f_putc                                   0x0801ffa3   Thumb Code    62  ff.o(.text)
    f_puts                                   0x0801ffe1   Thumb Code   120  ff.o(.text)
    f_printf                                 0x08020059   Thumb Code  1028  ff.o(.text)
    ff_convert                               0x080206bf   Thumb Code     2  mycc936.o(.text)
    ff_wtoupper                              0x080206c1   Thumb Code     2  mycc936.o(.text)
    USB_OTG_WritePacket                      0x080206c5   Thumb Code    86  usb_core.o(.text)
    USB_OTG_ReadPacket                       0x0802071b   Thumb Code    56  usb_core.o(.text)
    USB_OTG_SelectCore                       0x08020753   Thumb Code   284  usb_core.o(.text)
    USB_OTG_CoreInit                         0x0802086f   Thumb Code   280  usb_core.o(.text)
    USB_OTG_EnableGlobalInt                  0x08020987   Thumb Code    16  usb_core.o(.text)
    USB_OTG_DisableGlobalInt                 0x08020997   Thumb Code    16  usb_core.o(.text)
    USB_OTG_FlushTxFifo                      0x080209a7   Thumb Code    66  usb_core.o(.text)
    USB_OTG_FlushRxFifo                      0x080209e9   Thumb Code    60  usb_core.o(.text)
    USB_OTG_SetCurrentMode                   0x08020a25   Thumb Code    42  usb_core.o(.text)
    USB_OTG_GetMode                          0x08020a4f   Thumb Code    10  usb_core.o(.text)
    USB_OTG_IsDeviceMode                     0x08020a59   Thumb Code    16  usb_core.o(.text)
    USB_OTG_IsHostMode                       0x08020a69   Thumb Code    14  usb_core.o(.text)
    USB_OTG_ReadCoreItr                      0x08020a77   Thumb Code    10  usb_core.o(.text)
    USB_OTG_ReadOtgItr                       0x08020a81   Thumb Code     6  usb_core.o(.text)
    USB_OTG_EnableHostInt                    0x08020a87   Thumb Code    82  usb_core.o(.text)
    USB_OTG_ReadHPRT0                        0x08020ad9   Thumb Code    12  usb_core.o(.text)
    USB_OTG_DriveVbus                        0x08020ae5   Thumb Code    64  usb_core.o(.text)
    USB_OTG_ResetPort                        0x08020b25   Thumb Code    46  usb_core.o(.text)
    USB_OTG_InitFSLSPClkSel                  0x08020b53   Thumb Code    12  usb_core.o(.text)
    USB_OTG_CoreInitHost                     0x08020b5f   Thumb Code   396  usb_core.o(.text)
    USB_OTG_IsEvenFrame                      0x08020ceb   Thumb Code    12  usb_core.o(.text)
    USB_OTG_ReadHostAllChannels_intr         0x08020cf7   Thumb Code     6  usb_core.o(.text)
    USB_OTG_HC_Init                          0x08020cfd   Thumb Code   258  usb_core.o(.text)
    USB_OTG_HC_StartXfer                     0x08020dff   Thumb Code   310  usb_core.o(.text)
    USB_OTG_HC_Halt                          0x08020f35   Thumb Code    64  usb_core.o(.text)
    USB_OTG_HC_DoPing                        0x08020f75   Thumb Code    44  usb_core.o(.text)
    USB_OTG_StopHost                         0x08020fa1   Thumb Code   166  usb_core.o(.text)
    HCD_Init                                 0x08021047   Thumb Code    86  usb_hcd.o(.text)
    HCD_GetCurrentSpeed                      0x0802109d   Thumb Code    12  usb_hcd.o(.text)
    HCD_ResetPort                            0x080210a9   Thumb Code    10  usb_hcd.o(.text)
    HCD_IsDeviceConnected                    0x080210b3   Thumb Code     6  usb_hcd.o(.text)
    HCD_GetCurrentFrame                      0x080210b9   Thumb Code     8  usb_hcd.o(.text)
    HCD_GetURB_State                         0x080210c1   Thumb Code     8  usb_hcd.o(.text)
    HCD_GetXferCnt                           0x080210c9   Thumb Code    10  usb_hcd.o(.text)
    HCD_GetHCState                           0x080210d3   Thumb Code     8  usb_hcd.o(.text)
    HCD_HC_Init                              0x080210db   Thumb Code     4  usb_hcd.o(.text)
    HCD_SubmitRequest                        0x080210df   Thumb Code    20  usb_hcd.o(.text)
    USBH_OTG_ISR_Handler                     0x08021ebf   Thumb Code   168  usb_hcd_int.o(.text)
    USBH_Connected                           0x08021f6d   Thumb Code    10  usbh_core.o(.text)
    USBH_Disconnected                        0x08021f77   Thumb Code    10  usbh_core.o(.text)
    USBH_SOF                                 0x08021f81   Thumb Code     4  usbh_core.o(.text)
    USBH_DeInit                              0x08021f85   Thumb Code    52  usbh_core.o(.text)
    USBH_Init                                0x08021fb9   Thumb Code    96  usbh_core.o(.text)
    USBH_HandleControl                       0x08022019   Thumb Code   448  usbh_core.o(.text)
    USBH_ErrorHandle                         0x080221d9   Thumb Code    46  usbh_core.o(.text)
    USBH_Process                             0x08022207   Thumb Code  1074  usbh_core.o(.text)
    USBH_Open_Channel                        0x08022639   Thumb Code    86  usbh_hcs.o(.text)
    USBH_Modify_Channel                      0x0802268f   Thumb Code    52  usbh_hcs.o(.text)
    USBH_Alloc_Channel                       0x080226c3   Thumb Code    58  usbh_hcs.o(.text)
    USBH_Free_Channel                        0x080226fd   Thumb Code    24  usbh_hcs.o(.text)
    USBH_DeAllocate_AllChannel               0x08022715   Thumb Code    18  usbh_hcs.o(.text)
    USBH_CtlReq                              0x08022727   Thumb Code    90  usbh_ioreq.o(.text)
    USBH_CtlSendSetup                        0x08022781   Thumb Code    42  usbh_ioreq.o(.text)
    USBH_CtlSendData                         0x080227ab   Thumb Code    58  usbh_ioreq.o(.text)
    USBH_CtlReceiveData                      0x080227e5   Thumb Code    32  usbh_ioreq.o(.text)
    USBH_BulkSendData                        0x08022805   Thumb Code    42  usbh_ioreq.o(.text)
    USBH_BulkReceiveData                     0x0802282f   Thumb Code    40  usbh_ioreq.o(.text)
    USBH_InterruptReceiveData                0x08022857   Thumb Code    50  usbh_ioreq.o(.text)
    USBH_InterruptSendData                   0x08022889   Thumb Code    50  usbh_ioreq.o(.text)
    USBH_IsocReceiveData                     0x080228bb   Thumb Code    32  usbh_ioreq.o(.text)
    USBH_IsocSendData                        0x080228db   Thumb Code    32  usbh_ioreq.o(.text)
    USBH_GetDescriptor                       0x080228fd   Thumb Code    50  usbh_stdreq.o(.text)
    USBH_Get_DevDesc                         0x0802292f   Thumb Code   184  usbh_stdreq.o(.text)
    USBH_GetNextDesc                         0x080229e7   Thumb Code    14  usbh_stdreq.o(.text)
    USBH_Get_CfgDesc                         0x080229f5   Thumb Code   560  usbh_stdreq.o(.text)
    USBH_Get_StringDesc                      0x08022c25   Thumb Code   130  usbh_stdreq.o(.text)
    USBH_SetAddress                          0x08022ca7   Thumb Code    24  usbh_stdreq.o(.text)
    USBH_SetCfg                              0x08022cbf   Thumb Code    24  usbh_stdreq.o(.text)
    USBH_SetInterface                        0x08022cd7   Thumb Code    30  usbh_stdreq.o(.text)
    USBH_ClrFeature                          0x08022cf5   Thumb Code    60  usbh_stdreq.o(.text)
    USBH_MSC_Init                            0x08022d39   Thumb Code    38  usbh_msc_bot.o(.text)
    USBH_MSC_BOT_Abort                       0x08022d5f   Thumb Code    64  usbh_msc_bot.o(.text)
    USBH_MSC_DecodeCSW                       0x08022d9f   Thumb Code    74  usbh_msc_bot.o(.text)
    USBH_MSC_HandleBOTXfer                   0x08022de9   Thumb Code   684  usbh_msc_bot.o(.text)
    USBH_MSC_ErrorHandle                     0x08023191   Thumb Code    42  usbh_msc_core.o(.text)
    USBH_MSC_TestUnitReady                   0x080233c1   Thumb Code   132  usbh_msc_scsi.o(.text)
    USBH_MSC_ReadCapacity10                  0x08023445   Thumb Code   160  usbh_msc_scsi.o(.text)
    USBH_MSC_ModeSense6                      0x080234e5   Thumb Code   158  usbh_msc_scsi.o(.text)
    USBH_MSC_RequestSense                    0x08023583   Thumb Code   162  usbh_msc_scsi.o(.text)
    USBH_MSC_Write10                         0x08023625   Thumb Code   182  usbh_msc_scsi.o(.text)
    USBH_MSC_Read10                          0x080236db   Thumb Code   242  usbh_msc_scsi.o(.text)
    USB_OTG_BSP_Init                         0x080237cd   Thumb Code   110  usb_bsp.o(.text)
    USB_OTG_BSP_EnableInterrupt              0x0802383b   Thumb Code    34  usb_bsp.o(.text)
    USB_OTG_BSP_DisableInterrupt             0x0802385d   Thumb Code    32  usb_bsp.o(.text)
    USB_OTG_BSP_DriveVBUS                    0x0802387d   Thumb Code     2  usb_bsp.o(.text)
    USB_OTG_BSP_ConfigVBUS                   0x0802387f   Thumb Code     2  usb_bsp.o(.text)
    USB_OTG_BSP_uDelay                       0x08023881   Thumb Code     4  usb_bsp.o(.text)
    USB_OTG_BSP_mDelay                       0x08023885   Thumb Code     4  usb_bsp.o(.text)
    OTG_FS_IRQHandler                        0x08023891   Thumb Code     6  usbh_usr.o(.text)
    USBH_USR_Init                            0x08023897   Thumb Code    24  usbh_usr.o(.text)
    USBH_USR_DeviceAttached                  0x080238af   Thumb Code    14  usbh_usr.o(.text)
    USBH_USR_DeviceDisconnected              0x080238bd   Thumb Code    14  usbh_usr.o(.text)
    USBH_USR_ResetDevice                     0x080238cb   Thumb Code     6  usbh_usr.o(.text)
    USBH_USR_DeviceSpeedDetected             0x080238d1   Thumb Code    34  usbh_usr.o(.text)
    USBH_USR_Device_DescAvailable            0x080238f3   Thumb Code    24  usbh_usr.o(.text)
    USBH_USR_DeviceAddressAssigned           0x0802390b   Thumb Code     6  usbh_usr.o(.text)
    USBH_USR_Configuration_DescAvailable     0x08023911   Thumb Code    24  usbh_usr.o(.text)
    USBH_USR_Manufacturer_String             0x08023929   Thumb Code     8  usbh_usr.o(.text)
    USBH_USR_Product_String                  0x08023931   Thumb Code     8  usbh_usr.o(.text)
    USBH_USR_SerialNum_String                0x08023939   Thumb Code     8  usbh_usr.o(.text)
    USBH_USR_EnumerationDone                 0x08023941   Thumb Code     6  usbh_usr.o(.text)
    USBH_USR_DeviceNotSupported              0x08023947   Thumb Code     6  usbh_usr.o(.text)
    USBH_USR_UserInput                       0x0802394d   Thumb Code    12  usbh_usr.o(.text)
    USBH_USR_OverCurrentDetected             0x08023959   Thumb Code     6  usbh_usr.o(.text)
    USBH_USR_MSC_Application                 0x0802395f   Thumb Code    38  usbh_usr.o(.text)
    USBH_USR_DeInit                          0x08023985   Thumb Code     8  usbh_usr.o(.text)
    USBH_USR_UnrecoveredError                0x0802398d   Thumb Code     6  usbh_usr.o(.text)
    USBH_UDISK_Status                        0x08023993   Thumb Code    12  usbh_usr.o(.text)
    USBH_UDISK_Read                          0x0802399f   Thumb Code    76  usbh_usr.o(.text)
    USBH_UDISK_Write                         0x080239eb   Thumb Code    76  usbh_usr.o(.text)
    __use_no_semihosting                     0x08023c31   Thumb Code     2  use_no_semi_2.o(.text)
    __aeabi_ldivmod                          0x08023c33   Thumb Code     0  llsdiv.o(.text)
    _ll_sdiv                                 0x08023c33   Thumb Code    72  llsdiv.o(.text)
    __2printf                                0x08023c7d   Thumb Code    20  noretval__2printf.o(.text)
    _printf_pre_padding                      0x08023c95   Thumb Code    44  _printf_pad.o(.text)
    _printf_post_padding                     0x08023cc1   Thumb Code    34  _printf_pad.o(.text)
    _printf_str                              0x08023ce3   Thumb Code    82  _printf_str.o(.text)
    _printf_int_hex                          0x08023d35   Thumb Code    84  _printf_hex_int.o(.text)
    _printf_longlong_hex                     0x08023d35   Thumb Code     0  _printf_hex_int.o(.text)
    __printf                                 0x08023d8d   Thumb Code   308  __printf_flags_wp.o(.text)
    __aeabi_memcpy                           0x08023ec5   Thumb Code     0  rt_memcpy_v6.o(.text)
    __rt_memcpy                              0x08023ec5   Thumb Code   138  rt_memcpy_v6.o(.text)
    _memcpy_lastbytes                        0x08023f2b   Thumb Code     0  rt_memcpy_v6.o(.text)
    __aeabi_memcpy4                          0x08023f4f   Thumb Code     0  rt_memcpy_w.o(.text)
    __aeabi_memcpy8                          0x08023f4f   Thumb Code     0  rt_memcpy_w.o(.text)
    __rt_memcpy_w                            0x08023f4f   Thumb Code   100  rt_memcpy_w.o(.text)
    _memcpy_lastbytes_aligned                0x08023f97   Thumb Code     0  rt_memcpy_w.o(.text)
    __aeabi_memclr4                          0x08023fb3   Thumb Code     0  rt_memclr_w.o(.text)
    __aeabi_memclr8                          0x08023fb3   Thumb Code     0  rt_memclr_w.o(.text)
    __rt_memclr_w                            0x08023fb3   Thumb Code    78  rt_memclr_w.o(.text)
    _memset_w                                0x08023fb7   Thumb Code     0  rt_memclr_w.o(.text)
    __use_two_region_memory                  0x08024001   Thumb Code     2  heapauxi.o(.text)
    __rt_heap_escrow$2region                 0x08024003   Thumb Code     2  heapauxi.o(.text)
    __rt_heap_expand$2region                 0x08024005   Thumb Code     2  heapauxi.o(.text)
    __I$use$semihosting                      0x08024007   Thumb Code     0  use_no_semi.o(.text)
    __use_no_semihosting_swi                 0x08024007   Thumb Code     2  use_no_semi.o(.text)
    __aeabi_uldivmod                         0x08024009   Thumb Code     0  lludivv7m.o(.text)
    _ll_udiv                                 0x08024009   Thumb Code   238  lludivv7m.o(.text)
    __read_errno                             0x080240f7   Thumb Code    10  _rserrno.o(.text)
    __set_errno                              0x08024101   Thumb Code    12  _rserrno.o(.text)
    _printf_int_common                       0x0802410d   Thumb Code   178  _printf_intcommon.o(.text)
    _printf_cs_common                        0x080241bf   Thumb Code    20  _printf_char.o(.text)
    _printf_char                             0x080241d3   Thumb Code    16  _printf_char.o(.text)
    _printf_string                           0x080241e3   Thumb Code     8  _printf_char.o(.text)
    _printf_char_file                        0x080241ed   Thumb Code    32  _printf_char_file.o(.text)
    __aeabi_errno_addr                       0x08024211   Thumb Code     8  rt_errno_addr_intlibspace.o(.text)
    __errno$intlibspace                      0x08024211   Thumb Code     0  rt_errno_addr_intlibspace.o(.text)
    __rt_errno_addr$intlibspace              0x08024211   Thumb Code     0  rt_errno_addr_intlibspace.o(.text)
    _printf_char_common                      0x08024223   Thumb Code    32  _printf_char_common.o(.text)
    ferror                                   0x08024249   Thumb Code     8  ferror.o(.text)
    __user_libspace                          0x08024251   Thumb Code     8  libspace.o(.text)
    __user_perproc_libspace                  0x08024251   Thumb Code     0  libspace.o(.text)
    __user_perthread_libspace                0x08024251   Thumb Code     0  libspace.o(.text)
    __user_setup_stackheap                   0x08024259   Thumb Code    74  sys_stackheap_outer.o(.text)
    exit                                     0x080242a3   Thumb Code    18  exit.o(.text)
    __ARM_fpclassify                         0x080242b5   Thumb Code    48  fpclassify.o(i.__ARM_fpclassify)
    __hardfp_pow                             0x080242e9   Thumb Code  3072  pow.o(i.__hardfp_pow)
    __hardfp_sqrt                            0x08024f39   Thumb Code   122  sqrt.o(i.__hardfp_sqrt)
    __kernel_poly                            0x08024fb3   Thumb Code   248  poly.o(i.__kernel_poly)
    __mathlib_dbl_divzero                    0x080250b1   Thumb Code    28  dunder.o(i.__mathlib_dbl_divzero)
    __mathlib_dbl_infnan2                    0x080250e1   Thumb Code    20  dunder.o(i.__mathlib_dbl_infnan2)
    __mathlib_dbl_invalid                    0x080250f9   Thumb Code    24  dunder.o(i.__mathlib_dbl_invalid)
    __mathlib_dbl_overflow                   0x08025119   Thumb Code    24  dunder.o(i.__mathlib_dbl_overflow)
    __mathlib_dbl_underflow                  0x08025139   Thumb Code    24  dunder.o(i.__mathlib_dbl_underflow)
    _is_digit                                0x08025159   Thumb Code    14  __printf_wp.o(i._is_digit)
    fabs                                     0x08025167   Thumb Code    24  fabs.o(i.fabs)
    sqrt                                     0x0802517f   Thumb Code   110  sqrt.o(i.sqrt)
    __aeabi_dneg                             0x080251ed   Thumb Code     0  basic.o(x$fpl$basic)
    _dneg                                    0x080251ed   Thumb Code     6  basic.o(x$fpl$basic)
    __aeabi_fneg                             0x080251f3   Thumb Code     0  basic.o(x$fpl$basic)
    _fneg                                    0x080251f3   Thumb Code     6  basic.o(x$fpl$basic)
    _dabs                                    0x080251f9   Thumb Code     6  basic.o(x$fpl$basic)
    _fabs                                    0x080251ff   Thumb Code     6  basic.o(x$fpl$basic)
    __aeabi_d2f                              0x08025205   Thumb Code     0  d2f.o(x$fpl$d2f)
    _d2f                                     0x08025205   Thumb Code    98  d2f.o(x$fpl$d2f)
    __aeabi_dadd                             0x08025269   Thumb Code     0  daddsub_clz.o(x$fpl$dadd)
    _dadd                                    0x08025269   Thumb Code   332  daddsub_clz.o(x$fpl$dadd)
    __fpl_dcheck_NaN1                        0x080253b9   Thumb Code    10  dcheck1.o(x$fpl$dcheck1)
    __fpl_dcmp_Inf                           0x080253c9   Thumb Code    24  dcmpi.o(x$fpl$dcmpinf)
    __aeabi_ddiv                             0x080253e1   Thumb Code     0  ddiv.o(x$fpl$ddiv)
    _ddiv                                    0x080253e1   Thumb Code   552  ddiv.o(x$fpl$ddiv)
    __aeabi_d2iz                             0x08025691   Thumb Code     0  dfix.o(x$fpl$dfix)
    _dfix                                    0x08025691   Thumb Code    94  dfix.o(x$fpl$dfix)
    __aeabi_i2d                              0x080256ef   Thumb Code     0  dflt_clz.o(x$fpl$dflt)
    _dflt                                    0x080256ef   Thumb Code    46  dflt_clz.o(x$fpl$dflt)
    __aeabi_cdcmple                          0x0802571d   Thumb Code     0  dleqf.o(x$fpl$dleqf)
    _dcmple                                  0x0802571d   Thumb Code   120  dleqf.o(x$fpl$dleqf)
    __fpl_dcmple_InfNaN                      0x0802577f   Thumb Code     0  dleqf.o(x$fpl$dleqf)
    __aeabi_dmul                             0x08025795   Thumb Code     0  dmul.o(x$fpl$dmul)
    _dmul                                    0x08025795   Thumb Code   332  dmul.o(x$fpl$dmul)
    __fpl_dnaninf                            0x080258e9   Thumb Code   156  dnaninf.o(x$fpl$dnaninf)
    __fpl_dretinf                            0x08025985   Thumb Code    12  dretinf.o(x$fpl$dretinf)
    __aeabi_cdrcmple                         0x08025991   Thumb Code     0  drleqf.o(x$fpl$drleqf)
    _drcmple                                 0x08025991   Thumb Code   108  drleqf.o(x$fpl$drleqf)
    __aeabi_drsub                            0x080259fd   Thumb Code     0  daddsub_clz.o(x$fpl$drsb)
    _drsb                                    0x080259fd   Thumb Code    22  daddsub_clz.o(x$fpl$drsb)
    _dsqrt                                   0x08025a15   Thumb Code   404  dsqrt_umaal.o(x$fpl$dsqrt)
    __aeabi_dsub                             0x08025bad   Thumb Code     0  daddsub_clz.o(x$fpl$dsub)
    _dsub                                    0x08025bad   Thumb Code   464  daddsub_clz.o(x$fpl$dsub)
    __aeabi_f2d                              0x08025d81   Thumb Code     0  f2d.o(x$fpl$f2d)
    _f2d                                     0x08025d81   Thumb Code    86  f2d.o(x$fpl$f2d)
    __fpl_fnaninf                            0x08025dd7   Thumb Code   140  fnaninf.o(x$fpl$fnaninf)
    _fp_init                                 0x08025e63   Thumb Code    10  fpinit.o(x$fpl$fpinit)
    __fplib_config_fpu_vfp                   0x08025e6b   Thumb Code     0  fpinit.o(x$fpl$fpinit)
    __fplib_config_pureend_doubles           0x08025e6b   Thumb Code     0  fpinit.o(x$fpl$fpinit)
    __fpl_fretinf                            0x08025e6d   Thumb Code    10  fretinf.o(x$fpl$fretinf)
    __fpl_return_NaN                         0x08025e77   Thumb Code   100  retnan.o(x$fpl$retnan)
    __ARM_scalbn                             0x08025edb   Thumb Code    92  scalbn.o(x$fpl$scalbn)
    __fpl_cmpreturn                          0x08025f37   Thumb Code    48  trapv.o(x$fpl$trapveneer)
    Tab_LED                                  0x08025f66   Data          38  bsp_led.o(.constdata)
    __I$use$fp                               0x08025f66   Number         0  usenofp.o(x$fpl$usenofp)
    max_speed                                0x08025fa4   Data         696  app_versionselectfunc.o(.constdata)
    max_set1_j                               0x0802625c   Data          14  app_versionselectfunc.o(.constdata)
    memtblsize                               0x0802635c   Data          12  malloc.o(.constdata)
    memblksize                               0x08026368   Data          12  malloc.o(.constdata)
    memsize                                  0x08026374   Data          12  malloc.o(.constdata)
    __mathlib_zero                           0x08026480   Data           8  qnan.o(.constdata)
    Region$$Table$$Base                      0x08026488   Number         0  anon$$obj.o(Region$$Table)
    Region$$Table$$Limit                     0x080264a8   Number         0  anon$$obj.o(Region$$Table)
    mem3base                                 0x10000000   Data       61440  malloc.o(.ARM.__AT_0x10000000)
    mem3mapbase                              0x1000f000   Data        3840  malloc.o(.ARM.__AT_0x1000F000)
    res                                      0x20000000   Data           1  main.o(.data)
    SystemCoreClock                          0x20000004   Data           4  system_stm32f4xx.o(.data)
    AHBPrescTable                            0x20000008   Data          16  system_stm32f4xx.o(.data)
    TransferError                            0x2000001b   Data           1  sdio_sdcard.o(.data)
    TransferEnd                              0x2000001c   Data           1  sdio_sdcard.o(.data)
    tempbuff                                 0x20000024   Data           4  sdio_sdcard.o(.data)
    W25QXX_TYPE                              0x20000028   Data           2  w25qxx.o(.data)
    readFlag                                 0x2000002a   Data           1  bsp_24xx02.o(.data)
    writeDataFlag                            0x2000002b   Data           1  bsp_24xx02.o(.data)
    j                                        0x2000002c   Data           1  bsp_gpio.o(.data)
    sys_startrun                             0x20000030   Data           1  bsp_timer.o(.data)
    sys_setRunPage                           0x20000031   Data           1  bsp_timer.o(.data)
    flag_10ms                                0x20000033   Data           1  bsp_timer.o(.data)
    flag_100ms                               0x20000034   Data           1  bsp_timer.o(.data)
    flag_1s                                  0x20000035   Data           1  bsp_timer.o(.data)
    flag_20ms                                0x20000036   Data           1  bsp_timer.o(.data)
    flag_200ms                               0x20000037   Data           1  bsp_timer.o(.data)
    flag_2s                                  0x20000038   Data           1  bsp_timer.o(.data)
    T_flicker                                0x2000003a   Data           2  bsp_timer.o(.data)
    disp_delay                               0x2000003c   Data           2  bsp_timer.o(.data)
    count_10ms                               0x2000003e   Data           2  bsp_timer.o(.data)
    count_100ms                              0x20000040   Data           2  bsp_timer.o(.data)
    count_1s                                 0x20000042   Data           2  bsp_timer.o(.data)
    count_20ms                               0x20000044   Data           2  bsp_timer.o(.data)
    count_200ms                              0x20000046   Data           2  bsp_timer.o(.data)
    count_2s                                 0x20000048   Data           2  bsp_timer.o(.data)
    g_iRunTime                               0x2000004c   Data           4  bsp_timer.o(.data)
    short_key_flag                           0x20000050   Data           1  bsp_timer.o(.data)
    uchCRCHi                                 0x20000051   Data           1  bsp_uart.o(.data)
    uchCRCLo                                 0x20000052   Data           1  bsp_uart.o(.data)
    auchCRCHi                                0x20000053   Data         256  bsp_uart.o(.data)
    auchCRCLo                                0x20000153   Data         256  bsp_uart.o(.data)
    g_usAdcValue                             0x20000262   Data           2  bsp_adc.o(.data)
    g_ucfDispXg                              0x20000264   Data           1  bsp_led.o(.data)
    DOT                                      0x20000265   Data           1  bsp_led.o(.data)
    LED1_data                                0x20000266   Data           1  bsp_led.o(.data)
    LED2_data                                0x20000267   Data           1  bsp_led.o(.data)
    TM1638_KEY                               0x20000268   Data           2  bsp_led.o(.data)
    key_data                                 0x2000026e   Data           2  bsp_led.o(.data)
    disp_LED                                 0x20000270   Data          10  bsp_led.o(.data)
    keyValueTab                              0x20000280   Data           4  bsp_button.o(.data)
    RTC_TimeStruct                           0x20000286   Data           4  rtc.o(.data)
    RTC_DateStruct                           0x2000028a   Data           4  rtc.o(.data)
    ree                                      0x2000028e   Data           1  mpu6050.o(.data)
    balanCount                               0x20000290   Data           1  unbalance.o(.data)
    FUW                                      0x20000291   Data           1  unbalance.o(.data)
    RXTX                                     0x20000292   Data           1  unbalance.o(.data)
    BPH_ROTOR                                0x20000293   Data           1  unbalance.o(.data)
    isBalanceCheckActive                     0x20000294   Data           4  unbalance.o(.data)
    gx_mean                                  0x2000029c   Data           4  unbalance.o(.data)
    gx_std                                   0x200002a0   Data           4  unbalance.o(.data)
    MAX_BPH                                  0x200002a4   Data           4  unbalance.o(.data)
    sendPos                                  0x200002a8   Data           1  app_controlcomm.o(.data)
    LRC                                      0x200002a9   Data           1  app_controlcomm.o(.data)
    recePos                                  0x200002aa   Data           1  app_controlcomm.o(.data)
    comFlag                                  0x200002ab   Data           1  app_controlcomm.o(.data)
    commTm                                   0x200002ac   Data           2  app_controlcomm.o(.data)
    comSenderTm                              0x200002ae   Data           2  app_controlcomm.o(.data)
    setData_flag                             0x200002b0   Data           1  app_comm.o(.data)
    CommSetFlag                              0x200002be   Data           1  app_comm.o(.data)
    startKey_flag                            0x200002c0   Data           1  app_start_proc.o(.data)
    getStartKey                              0x200002c1   Data           1  app_start_proc.o(.data)
    getStopKey                               0x200002c2   Data           1  app_start_proc.o(.data)
    autosee_over                             0x200002c5   Data           1  app_start_proc.o(.data)
    DOOR_CLOSURE                             0x200002c6   Data           1  app_start_proc.o(.data)
    m_runState                               0x200002c7   Data           1  app_start_proc.o(.data)
    ucStartBit                               0x200002c8   Data           1  app_start_proc.o(.data)
    enable_RunTime                           0x200002c9   Data           1  app_start_proc.o(.data)
    signal_RunTime                           0x200002ca   Data           1  app_start_proc.o(.data)
    BPH_signal                               0x200002cb   Data           1  app_start_proc.o(.data)
    M2_Time                                  0x200002cc   Data           2  app_start_proc.o(.data)
    set2                                     0x200002dc   Data           2  app_start_proc.o(.data)
    runFlag                                  0x200002de   Data           2  app_start_proc.o(.data)
    watch_CurSpeed                           0x200002e0   Data           2  app_start_proc.o(.data)
    start_DelayOFFTime                       0x200002e2   Data           2  app_start_proc.o(.data)
    stop_DelayOFFTime                        0x200002e4   Data           2  app_start_proc.o(.data)
    RunTime                                  0x200002fc   Data           4  app_start_proc.o(.data)
    counter_RunTime                          0x20000300   Data           4  app_start_proc.o(.data)
    enable_T1ms                              0x20000304   Data           5  app_start_proc.o(.data)
    signal_T1ms                              0x20000309   Data           5  app_start_proc.o(.data)
    allFreq                                  0x2000030e   Data           8  app_start_proc.o(.data)
    GearTm_Tab                               0x20000316   Data          22  app_start_proc.o(.data)
    AllRunTime                               0x2000032c   Data         156  app_start_proc.o(.data)
    alarm_no                                 0x200003cb   Data           1  app_alarm_record.o(.data)
    RotorMaxNum                              0x200003cc   Data           1  app_user.o(.data)
    Speed_max                                0x200003d2   Data          40  app_user.o(.data)
    Force_max                                0x200003fa   Data          40  app_user.o(.data)
    OnDrSgn                                  0x20000425   Data           1  app_lock_proc.o(.data)
    doorcommsendFlag                         0x20000426   Data           1  app_lock_proc.o(.data)
    M7                                       0x2000042c   Data           1  app_temp.o(.data)
    Y4_temp                                  0x2000042d   Data           1  app_temp.o(.data)
    Y4_OFF_time                              0x2000042e   Data           2  app_temp.o(.data)
    ON_Time                                  0x20000430   Data           2  app_temp.o(.data)
    OFF_Time                                 0x20000432   Data           2  app_temp.o(.data)
    Y4_ON_time                               0x20000436   Data           2  app_temp.o(.data)
    set5                                     0x20000454   Data           4  app_temp.o(.data)
    temp_ek                                  0x20000458   Data           4  app_temp.o(.data)
    last_temp                                0x2000045c   Data           4  app_temp.o(.data)
    BIT_temp                                 0x20000460   Data          54  app_temp.o(.data)
    BIT_temp1                                0x20000496   Data          27  app_temp.o(.data)
    keySET_State                             0x200004b3   Data           1  app_btn_scan.o(.data)
    highSetFlag                              0x200004b4   Data           1  app_btn_scan.o(.data)
    keySignal2                               0x200004b5   Data           2  app_btn_scan.o(.data)
    USART_RX_STA                             0x200004b8   Data           2  usart.o(.data)
    __stdout                                 0x200004bc   Data           4  usart.o(.data)
    mallco_dev                               0x200004d0   Data          36  malloc.o(.data)
    FLASH_SECTOR_COUNT                       0x200004f4   Data           2  diskio.o(.data)
    USBH_HCD_INT_cb                          0x200004f8   Data          12  usbh_core.o(.data)
    USBH_HCD_INT_fops                        0x20000504   Data           4  usbh_core.o(.data)
    MSCErrorCount                            0x20000524   Data           1  usbh_msc_core.o(.data)
    USBH_MSC_cb                              0x20000528   Data          16  usbh_msc_core.o(.data)
    USR_Callbacks                            0x2000053c   Data          72  usbh_usr.o(.data)
    USB_Host                                 0x20000588   Data         148  main.o(.bss)
    USB_OTG_Core                             0x2000061c   Data        1452  main.o(.bss)
    SDIO_InitStructure                       0x20000bc8   Data          24  sdio_sdcard.o(.bss)
    SDIO_CmdInitStructure                    0x20000be0   Data          20  sdio_sdcard.o(.bss)
    SDIO_DataInitStructure                   0x20000bf4   Data          24  sdio_sdcard.o(.bss)
    SDCardInfo                               0x20000c30   Data          88  sdio_sdcard.o(.bss)
    SDIO_DATA_BUFFER                         0x20000c88   Data         512  sdio_sdcard.o(.bss)
    W25QXX_BUFFER                            0x20000e88   Data        4096  w25qxx.o(.bss)
    Filter_Data                              0x20001e88   Data          10  bsp_gpio.o(.bss)
    Input_Data                               0x20001e92   Data          10  bsp_gpio.o(.bss)
    Input_DataTemp                           0x20001e9c   Data          10  bsp_gpio.o(.bss)
    Input_FilterCount                        0x20001ea6   Data          10  bsp_gpio.o(.bss)
    time_10ms                                0x20001eb0   Data          12  bsp_timer.o(.bss)
    time_100ms                               0x20001ebc   Data          60  bsp_timer.o(.bss)
    time_1s                                  0x20001ef8   Data          18  bsp_timer.o(.bss)
    Timer_1MS                                0x20001f0a   Data          16  bsp_timer.o(.bss)
    Timer_100MS                              0x20001f1a   Data          10  bsp_timer.o(.bss)
    Timer_1S                                 0x20001f24   Data          22  bsp_timer.o(.bss)
    UART_3                                   0x20001f3a   Data         518  bsp_uart.o(.bss)
    UART_4                                   0x20002140   Data         518  bsp_uart.o(.bss)
    UART_6                                   0x20002346   Data         518  bsp_uart.o(.bss)
    receBuf                                  0x2000254c   Data          22  bsp_uart.o(.bss)
    gyro_x_filter                            0x200025b8   Data          28  mpu6050.o(.bss)
    gyro_y_filter                            0x200025d4   Data          28  mpu6050.o(.bss)
    gyro_z_filter                            0x200025f0   Data          28  mpu6050.o(.bss)
    accel_x_filter                           0x2000260c   Data          28  mpu6050.o(.bss)
    accel_y_filter                           0x20002628   Data          28  mpu6050.o(.bss)
    accel_z_filter                           0x20002644   Data          28  mpu6050.o(.bss)
    getvalue                                 0x20002660   Data         102  unbalance.o(.bss)
    amplitudeData                            0x200026c8   Data         400  unbalance.o(.bss)
    tranStr                                  0x20002858   Data          20  app_controlcomm.o(.bss)
    receStr                                  0x2000286c   Data          20  app_controlcomm.o(.bss)
    OldReceStr                               0x20002880   Data          20  app_controlcomm.o(.bss)
    ModbusModule0                            0x20002894   Data          40  app_comm.o(.bss)
    ModbusModule1                            0x200028bc   Data          40  app_comm.o(.bss)
    VgusModule0                              0x200028e4   Data          32  app_comm.o(.bss)
    HldReg                                   0x20002904   Data        2200  app_comm.o(.bss)
    runData                                  0x2000319c   Data          14  app_comm.o(.bss)
    CurveData                                0x200031aa   Data          52  app_comm.o(.bss)
    SlaveHldReg                              0x200031de   Data          60  app_comm.o(.bss)
    runParam                                 0x2000321a   Data          62  app_start_proc.o(.bss)
    controlData                              0x20003258   Data          10  app_start_proc.o(.bss)
    T1ms                                     0x20003262   Data          10  app_start_proc.o(.bss)
    counter_T1ms                             0x2000326c   Data          10  app_start_proc.o(.bss)
    beepInfo                                 0x20003276   Data          12  app_beep.o(.bss)
    RotorPrgData                             0x20003282   Data          40  app_user.o(.bss)
    OneProgramData                           0x200032aa   Data          18  app_user.o(.bss)
    temper                                   0x200032cc   Data          12  app_temp.o(.bss)
    USART_RX_BUF                             0x200032d8   Data         200  usart.o(.bss)
    mem1base                                 0x200033a0   Data       102400  malloc.o(.bss)
    mem1mapbase                              0x2001c3a0   Data        6400  malloc.o(.bss)
    fs                                       0x2001dcac   Data          12  exfuns.o(.bss)
    USBH_CfgDesc                             0x2001dcb8   Data         512  usbh_stdreq.o(.bss)
    USBH_MSC_CBWData                         0x2001deb8   Data          32  usbh_msc_bot.o(.bss)
    USBH_MSC_CSWData                         0x2001ded8   Data          16  usbh_msc_bot.o(.bss)
    USBH_MSC_BOTXferParam                    0x2001dee8   Data          16  usbh_msc_bot.o(.bss)
    MSC_Machine                              0x2001def8   Data          74  usbh_msc_core.o(.bss)
    USBH_MSC_Param                           0x2001df44   Data          16  usbh_msc_scsi.o(.bss)
    USBH_DataInBuffer                        0x2001df54   Data         512  usbh_msc_scsi.o(.bss)
    __libspace_start                         0x2001e154   Data          96  libspace.o(.bss)
    __temporary_stack_top$libspace           0x2001e1b4   Data           0  libspace.o(.bss)
    mem2base                                 0x68000000   Data       983040  malloc.o(.ARM.__AT_0x68000000)
    mem2mapbase                              0x680f0000   Data       61440  malloc.o(.ARM.__AT_0x680F0000)



==============================================================================

Memory Map of the image

  Image Entry point : 0x08010189

  Load Region LR_IROM1 (Base: 0x08010000, Size: 0x00016a30, Max: 0x00070000, ABSOLUTE, COMPRESSED[0x00016720])

    Execution Region ER_IROM1 (Exec base: 0x08010000, Load base: 0x08010000, Size: 0x000164a8, Max: 0x00070000, ABSOLUTE)

    Exec Addr    Load Addr    Size         Type   Attr      Idx    E Section Name        Object

    0x08010000   0x08010000   0x00000188   Data   RO         1669    RESET               startup_stm32f40_41xxx.o
    0x08010188   0x08010188   0x00000008   Code   RO         2568  * !!!main             c_w.l(__main.o)
    0x08010190   0x08010190   0x00000034   Code   RO         2865    !!!scatter          c_w.l(__scatter.o)
    0x080101c4   0x080101c4   0x0000005a   Code   RO         2863    !!dczerorl2         c_w.l(__dczerorl2.o)
    0x0801021e   0x0801021e   0x00000002   PAD
    0x08010220   0x08010220   0x0000001c   Code   RO         2867    !!handler_zi        c_w.l(__scatter_zi.o)
    0x0801023c   0x0801023c   0x00000000   Code   RO         2555    .ARM.Collect$$_printf_percent$$00000000  c_w.l(_printf_percent.o)
    0x0801023c   0x0801023c   0x00000006   Code   RO         2553    .ARM.Collect$$_printf_percent$$0000000C  c_w.l(_printf_x.o)
    0x08010242   0x08010242   0x00000006   Code   RO         2552    .ARM.Collect$$_printf_percent$$00000014  c_w.l(_printf_s.o)
    0x08010248   0x08010248   0x00000004   Code   RO         2635    .ARM.Collect$$_printf_percent$$00000017  c_w.l(_printf_percent_end.o)
    0x0801024c   0x0801024c   0x00000002   Code   RO         2730    .ARM.Collect$$libinit$$00000000  c_w.l(libinit.o)
    0x0801024e   0x0801024e   0x00000004   Code   RO         2739    .ARM.Collect$$libinit$$00000001  c_w.l(libinit2.o)
    0x08010252   0x08010252   0x00000000   Code   RO         2742    .ARM.Collect$$libinit$$00000004  c_w.l(libinit2.o)
    0x08010252   0x08010252   0x00000000   Code   RO         2745    .ARM.Collect$$libinit$$0000000A  c_w.l(libinit2.o)
    0x08010252   0x08010252   0x00000000   Code   RO         2747    .ARM.Collect$$libinit$$0000000C  c_w.l(libinit2.o)
    0x08010252   0x08010252   0x00000000   Code   RO         2749    .ARM.Collect$$libinit$$0000000E  c_w.l(libinit2.o)
    0x08010252   0x08010252   0x00000000   Code   RO         2752    .ARM.Collect$$libinit$$00000011  c_w.l(libinit2.o)
    0x08010252   0x08010252   0x00000000   Code   RO         2754    .ARM.Collect$$libinit$$00000013  c_w.l(libinit2.o)
    0x08010252   0x08010252   0x00000000   Code   RO         2756    .ARM.Collect$$libinit$$00000015  c_w.l(libinit2.o)
    0x08010252   0x08010252   0x00000000   Code   RO         2758    .ARM.Collect$$libinit$$00000017  c_w.l(libinit2.o)
    0x08010252   0x08010252   0x00000000   Code   RO         2760    .ARM.Collect$$libinit$$00000019  c_w.l(libinit2.o)
    0x08010252   0x08010252   0x00000000   Code   RO         2762    .ARM.Collect$$libinit$$0000001B  c_w.l(libinit2.o)
    0x08010252   0x08010252   0x00000000   Code   RO         2764    .ARM.Collect$$libinit$$0000001D  c_w.l(libinit2.o)
    0x08010252   0x08010252   0x00000000   Code   RO         2766    .ARM.Collect$$libinit$$0000001F  c_w.l(libinit2.o)
    0x08010252   0x08010252   0x00000000   Code   RO         2768    .ARM.Collect$$libinit$$00000021  c_w.l(libinit2.o)
    0x08010252   0x08010252   0x00000000   Code   RO         2770    .ARM.Collect$$libinit$$00000023  c_w.l(libinit2.o)
    0x08010252   0x08010252   0x00000000   Code   RO         2772    .ARM.Collect$$libinit$$00000025  c_w.l(libinit2.o)
    0x08010252   0x08010252   0x00000000   Code   RO         2776    .ARM.Collect$$libinit$$0000002C  c_w.l(libinit2.o)
    0x08010252   0x08010252   0x00000000   Code   RO         2778    .ARM.Collect$$libinit$$0000002E  c_w.l(libinit2.o)
    0x08010252   0x08010252   0x00000000   Code   RO         2780    .ARM.Collect$$libinit$$00000030  c_w.l(libinit2.o)
    0x08010252   0x08010252   0x00000000   Code   RO         2782    .ARM.Collect$$libinit$$00000032  c_w.l(libinit2.o)
    0x08010252   0x08010252   0x00000002   Code   RO         2783    .ARM.Collect$$libinit$$00000033  c_w.l(libinit2.o)
    0x08010254   0x08010254   0x00000002   Code   RO         2813    .ARM.Collect$$libshutdown$$00000000  c_w.l(libshutdown.o)
    0x08010256   0x08010256   0x00000000   Code   RO         2827    .ARM.Collect$$libshutdown$$00000002  c_w.l(libshutdown2.o)
    0x08010256   0x08010256   0x00000000   Code   RO         2829    .ARM.Collect$$libshutdown$$00000004  c_w.l(libshutdown2.o)
    0x08010256   0x08010256   0x00000000   Code   RO         2831    .ARM.Collect$$libshutdown$$00000006  c_w.l(libshutdown2.o)
    0x08010256   0x08010256   0x00000000   Code   RO         2834    .ARM.Collect$$libshutdown$$00000009  c_w.l(libshutdown2.o)
    0x08010256   0x08010256   0x00000000   Code   RO         2837    .ARM.Collect$$libshutdown$$0000000C  c_w.l(libshutdown2.o)
    0x08010256   0x08010256   0x00000000   Code   RO         2839    .ARM.Collect$$libshutdown$$0000000E  c_w.l(libshutdown2.o)
    0x08010256   0x08010256   0x00000000   Code   RO         2842    .ARM.Collect$$libshutdown$$00000011  c_w.l(libshutdown2.o)
    0x08010256   0x08010256   0x00000002   Code   RO         2843    .ARM.Collect$$libshutdown$$00000012  c_w.l(libshutdown2.o)
    0x08010258   0x08010258   0x00000000   Code   RO         2624    .ARM.Collect$$rtentry$$00000000  c_w.l(__rtentry.o)
    0x08010258   0x08010258   0x00000000   Code   RO         2681    .ARM.Collect$$rtentry$$00000002  c_w.l(__rtentry2.o)
    0x08010258   0x08010258   0x00000006   Code   RO         2693    .ARM.Collect$$rtentry$$00000004  c_w.l(__rtentry4.o)
    0x0801025e   0x0801025e   0x00000000   Code   RO         2683    .ARM.Collect$$rtentry$$00000009  c_w.l(__rtentry2.o)
    0x0801025e   0x0801025e   0x00000004   Code   RO         2684    .ARM.Collect$$rtentry$$0000000A  c_w.l(__rtentry2.o)
    0x08010262   0x08010262   0x00000000   Code   RO         2686    .ARM.Collect$$rtentry$$0000000C  c_w.l(__rtentry2.o)
    0x08010262   0x08010262   0x00000008   Code   RO         2687    .ARM.Collect$$rtentry$$0000000D  c_w.l(__rtentry2.o)
    0x0801026a   0x0801026a   0x00000002   Code   RO         2733    .ARM.Collect$$rtexit$$00000000  c_w.l(rtexit.o)
    0x0801026c   0x0801026c   0x00000000   Code   RO         2787    .ARM.Collect$$rtexit$$00000002  c_w.l(rtexit2.o)
    0x0801026c   0x0801026c   0x00000004   Code   RO         2788    .ARM.Collect$$rtexit$$00000003  c_w.l(rtexit2.o)
    0x08010270   0x08010270   0x00000006   Code   RO         2789    .ARM.Collect$$rtexit$$00000004  c_w.l(rtexit2.o)
    0x08010276   0x08010276   0x00000002   PAD
    0x08010278   0x08010278   0x00000010   Code   RO         1619    .emb_text           sys.o
    0x08010288   0x08010288   0x00000164   Code   RO            3    .text               main.o
    0x080103ec   0x080103ec   0x000001c8   Code   RO          350    .text               stm32f4xx_it.o
    0x080105b4   0x080105b4   0x00000184   Code   RO          593    .text               system_stm32f4xx.o
    0x08010738   0x08010738   0x00001ca8   Code   RO          619    .text               sdio_sdcard.o
    0x080123e0   0x080123e0   0x00000128   Code   RO          658    .text               spi.o
    0x08012508   0x08012508   0x0000069c   Code   RO          682    .text               w25qxx.o
    0x08012ba4   0x08012ba4   0x00000220   Code   RO          733    .text               bsp_24xx02.o
    0x08012dc4   0x08012dc4   0x00000160   Code   RO          763    .text               bsp_driver.o
    0x08012f24   0x08012f24   0x000003d4   Code   RO          784    .text               bsp_i2c_gpio.o
    0x080132f8   0x080132f8   0x000001a4   Code   RO          805    .text               bsp_gpio.o
    0x0801349c   0x0801349c   0x00000450   Code   RO          832    .text               bsp_timer.o
    0x080138ec   0x080138ec   0x00000648   Code   RO          892    .text               bsp_uart.o
    0x08013f34   0x08013f34   0x00000a28   Code   RO          928    .text               modbus_rtu.o
    0x0801495c   0x0801495c   0x0000084c   Code   RO          949    .text               uart_vgus.o
    0x080151a8   0x080151a8   0x0000016c   Code   RO          971    .text               bsp_mcp3208.o
    0x08015314   0x08015314   0x00000104   Code   RO          992    .text               bsp_adc.o
    0x08015418   0x08015418   0x00000814   Code   RO         1022    .text               bsp_led.o
    0x08015c2c   0x08015c2c   0x000000dc   Code   RO         1054    .text               bsp_button.o
    0x08015d08   0x08015d08   0x000000ec   Code   RO         1082    .text               rtc.o
    0x08015df4   0x08015df4   0x00000084   Code   RO         1110    .text               kalmen_filte.o
    0x08015e78   0x08015e78   0x000008d0   Code   RO         1127    .text               mpu6050.o
    0x08016748   0x08016748   0x00000384   Code   RO         1159    .text               mpuiic.o
    0x08016acc   0x08016acc   0x00000004   PAD
    0x08016ad0   0x08016ad0   0x000003b8   Code   RO         1180    .text               unbalance.o
    0x08016e88   0x08016e88   0x00000394   Code   RO         1218    .text               app_controlcomm.o
    0x0801721c   0x0801721c   0x00000408   Code   RO         1248    .text               app_comm.o
    0x08017624   0x08017624   0x00001104   Code   RO         1294    .text               app_start_proc.o
    0x08018728   0x08018728   0x00000170   Code   RO         1325    .text               app_beep.o
    0x08018898   0x08018898   0x0000014c   Code   RO         1428    .text               app_versionselectfunc.o
    0x080189e4   0x080189e4   0x00000620   Code   RO         1451    .text               app_user.o
    0x08019004   0x08019004   0x00000054   Code   RO         1482    .text               app_lock_proc.o
    0x08019058   0x08019058   0x0000098c   Code   RO         1508    .text               app_temp.o
    0x080199e4   0x080199e4   0x000000fc   Code   RO         1637    .text               usart.o
    0x08019ae0   0x08019ae0   0x00000040   Code   RO         1670    .text               startup_stm32f40_41xxx.o
    0x08019b20   0x08019b20   0x000000bc   Code   RO         1676    .text               misc.o
    0x08019bdc   0x08019bdc   0x000003a8   Code   RO         1696    .text               stm32f4xx_dma.o
    0x08019f84   0x08019f84   0x00000282   Code   RO         1739    .text               stm32f4xx_gpio.o
    0x0801a206   0x0801a206   0x00000002   PAD
    0x0801a208   0x0801a208   0x000004b4   Code   RO         1759    .text               stm32f4xx_rcc.o
    0x0801a6bc   0x0801a6bc   0x000001e8   Code   RO         1782    .text               stm32f4xx_sdio.o
    0x0801a8a4   0x0801a8a4   0x000003c8   Code   RO         1822    .text               stm32f4xx_usart.o
    0x0801ac6c   0x0801ac6c   0x000003bc   Code   RO         1842    .text               stm32f4xx_spi.o
    0x0801b028   0x0801b028   0x00000c26   Code   RO         1862    .text               stm32f4xx_tim.o
    0x0801bc4e   0x0801bc4e   0x00000002   PAD
    0x0801bc50   0x0801bc50   0x0000003c   Code   RO         1883    .text               stm32f4xx_iwdg.o
    0x0801bc8c   0x0801bc8c   0x00000390   Code   RO         1903    .text               stm32f4xx_adc.o
    0x0801c01c   0x0801c01c   0x00000b9c   Code   RO         1923    .text               stm32f4xx_rtc.o
    0x0801cbb8   0x0801cbb8   0x00000128   Code   RO         1944    .text               stm32f4xx_pwr.o
    0x0801cce0   0x0801cce0   0x0000035c   Code   RO         1964    .text               malloc.o
    0x0801d03c   0x0801d03c   0x000001b0   Code   RO         1998    .text               diskio.o
    0x0801d1ec   0x0801d1ec   0x000034d2   Code   RO         2096    .text               ff.o
    0x080206be   0x080206be   0x00000004   Code   RO         2179    .text               mycc936.o
    0x080206c2   0x080206c2   0x00000002   PAD
    0x080206c4   0x080206c4   0x00000982   Code   RO         2199    .text               usb_core.o
    0x08021046   0x08021046   0x000000ac   Code   RO         2220    .text               usb_hcd.o
    0x080210f2   0x080210f2   0x00000002   PAD
    0x080210f4   0x080210f4   0x00000e78   Code   RO         2240    .text               usb_hcd_int.o
    0x08021f6c   0x08021f6c   0x000006cc   Code   RO         2260    .text               usbh_core.o
    0x08022638   0x08022638   0x000000ee   Code   RO         2289    .text               usbh_hcs.o
    0x08022726   0x08022726   0x000001d4   Code   RO         2309    .text               usbh_ioreq.o
    0x080228fa   0x080228fa   0x00000002   PAD
    0x080228fc   0x080228fc   0x0000043c   Code   RO         2329    .text               usbh_stdreq.o
    0x08022d38   0x08022d38   0x00000380   Code   RO         2357    .text               usbh_msc_bot.o
    0x080230b8   0x080230b8   0x00000308   Code   RO         2385    .text               usbh_msc_core.o
    0x080233c0   0x080233c0   0x0000040c   Code   RO         2414    .text               usbh_msc_scsi.o
    0x080237cc   0x080237cc   0x000000c4   Code   RO         2442    .text               usb_bsp.o
    0x08023890   0x08023890   0x000003a0   Code   RO         2462    .text               usbh_usr.o
    0x08023c30   0x08023c30   0x00000002   Code   RO         2494    .text               c_w.l(use_no_semi_2.o)
    0x08023c32   0x08023c32   0x00000048   Code   RO         2496    .text               c_w.l(llsdiv.o)
    0x08023c7a   0x08023c7a   0x00000002   PAD
    0x08023c7c   0x08023c7c   0x00000018   Code   RO         2500    .text               c_w.l(noretval__2printf.o)
    0x08023c94   0x08023c94   0x0000004e   Code   RO         2504    .text               c_w.l(_printf_pad.o)
    0x08023ce2   0x08023ce2   0x00000052   Code   RO         2506    .text               c_w.l(_printf_str.o)
    0x08023d34   0x08023d34   0x00000058   Code   RO         2513    .text               c_w.l(_printf_hex_int.o)
    0x08023d8c   0x08023d8c   0x00000138   Code   RO         2543    .text               c_w.l(__printf_flags_wp.o)
    0x08023ec4   0x08023ec4   0x0000008a   Code   RO         2558    .text               c_w.l(rt_memcpy_v6.o)
    0x08023f4e   0x08023f4e   0x00000064   Code   RO         2560    .text               c_w.l(rt_memcpy_w.o)
    0x08023fb2   0x08023fb2   0x0000004e   Code   RO         2562    .text               c_w.l(rt_memclr_w.o)
    0x08024000   0x08024000   0x00000006   Code   RO         2566    .text               c_w.l(heapauxi.o)
    0x08024006   0x08024006   0x00000002   Code   RO         2622    .text               c_w.l(use_no_semi.o)
    0x08024008   0x08024008   0x000000ee   Code   RO         2625    .text               c_w.l(lludivv7m.o)
    0x080240f6   0x080240f6   0x00000016   Code   RO         2627    .text               c_w.l(_rserrno.o)
    0x0802410c   0x0802410c   0x000000b2   Code   RO         2629    .text               c_w.l(_printf_intcommon.o)
    0x080241be   0x080241be   0x0000002c   Code   RO         2631    .text               c_w.l(_printf_char.o)
    0x080241ea   0x080241ea   0x00000002   PAD
    0x080241ec   0x080241ec   0x00000024   Code   RO         2633    .text               c_w.l(_printf_char_file.o)
    0x08024210   0x08024210   0x00000008   Code   RO         2702    .text               c_w.l(rt_errno_addr_intlibspace.o)
    0x08024218   0x08024218   0x00000030   Code   RO         2704    .text               c_w.l(_printf_char_common.o)
    0x08024248   0x08024248   0x00000008   Code   RO         2706    .text               c_w.l(ferror.o)
    0x08024250   0x08024250   0x00000008   Code   RO         2714    .text               c_w.l(libspace.o)
    0x08024258   0x08024258   0x0000004a   Code   RO         2717    .text               c_w.l(sys_stackheap_outer.o)
    0x080242a2   0x080242a2   0x00000012   Code   RO         2723    .text               c_w.l(exit.o)
    0x080242b4   0x080242b4   0x00000030   Code   RO         2675    i.__ARM_fpclassify  m_wm.l(fpclassify.o)
    0x080242e4   0x080242e4   0x00000004   PAD
    0x080242e8   0x080242e8   0x00000c50   Code   RO         2596    i.__hardfp_pow      m_wm.l(pow.o)
    0x08024f38   0x08024f38   0x0000007a   Code   RO         2610    i.__hardfp_sqrt     m_wm.l(sqrt.o)
    0x08024fb2   0x08024fb2   0x000000f8   Code   RO         2677    i.__kernel_poly     m_wm.l(poly.o)
    0x080250aa   0x080250aa   0x00000006   PAD
    0x080250b0   0x080250b0   0x00000030   Code   RO         2655    i.__mathlib_dbl_divzero  m_wm.l(dunder.o)
    0x080250e0   0x080250e0   0x00000014   Code   RO         2657    i.__mathlib_dbl_infnan2  m_wm.l(dunder.o)
    0x080250f4   0x080250f4   0x00000004   PAD
    0x080250f8   0x080250f8   0x00000020   Code   RO         2658    i.__mathlib_dbl_invalid  m_wm.l(dunder.o)
    0x08025118   0x08025118   0x00000020   Code   RO         2659    i.__mathlib_dbl_overflow  m_wm.l(dunder.o)
    0x08025138   0x08025138   0x00000020   Code   RO         2661    i.__mathlib_dbl_underflow  m_wm.l(dunder.o)
    0x08025158   0x08025158   0x0000000e   Code   RO         2541    i._is_digit         c_w.l(__printf_wp.o)
    0x08025166   0x08025166   0x00000018   Code   RO         2671    i.fabs              m_wm.l(fabs.o)
    0x0802517e   0x0802517e   0x0000006e   Code   RO         2612    i.sqrt              m_wm.l(sqrt.o)
    0x080251ec   0x080251ec   0x00000018   Code   RO         2636    x$fpl$basic         fz_wm.l(basic.o)
    0x08025204   0x08025204   0x00000062   Code   RO         2570    x$fpl$d2f           fz_wm.l(d2f.o)
    0x08025266   0x08025266   0x00000002   PAD
    0x08025268   0x08025268   0x00000150   Code   RO         2572    x$fpl$dadd          fz_wm.l(daddsub_clz.o)
    0x080253b8   0x080253b8   0x00000010   Code   RO         2710    x$fpl$dcheck1       fz_wm.l(dcheck1.o)
    0x080253c8   0x080253c8   0x00000018   Code   RO         2712    x$fpl$dcmpinf       fz_wm.l(dcmpi.o)
    0x080253e0   0x080253e0   0x000002b0   Code   RO         2579    x$fpl$ddiv          fz_wm.l(ddiv.o)
    0x08025690   0x08025690   0x0000005e   Code   RO         2582    x$fpl$dfix          fz_wm.l(dfix.o)
    0x080256ee   0x080256ee   0x0000002e   Code   RO         2587    x$fpl$dflt          fz_wm.l(dflt_clz.o)
    0x0802571c   0x0802571c   0x00000078   Code   RO         2638    x$fpl$dleqf         fz_wm.l(dleqf.o)
    0x08025794   0x08025794   0x00000154   Code   RO         2592    x$fpl$dmul          fz_wm.l(dmul.o)
    0x080258e8   0x080258e8   0x0000009c   Code   RO         2640    x$fpl$dnaninf       fz_wm.l(dnaninf.o)
    0x08025984   0x08025984   0x0000000c   Code   RO         2642    x$fpl$dretinf       fz_wm.l(dretinf.o)
    0x08025990   0x08025990   0x0000006c   Code   RO         2644    x$fpl$drleqf        fz_wm.l(drleqf.o)
    0x080259fc   0x080259fc   0x00000016   Code   RO         2573    x$fpl$drsb          fz_wm.l(daddsub_clz.o)
    0x08025a12   0x08025a12   0x00000002   PAD
    0x08025a14   0x08025a14   0x00000198   Code   RO         2646    x$fpl$dsqrt         fz_wm.l(dsqrt_umaal.o)
    0x08025bac   0x08025bac   0x000001d4   Code   RO         2574    x$fpl$dsub          fz_wm.l(daddsub_clz.o)
    0x08025d80   0x08025d80   0x00000056   Code   RO         2594    x$fpl$f2d           fz_wm.l(f2d.o)
    0x08025dd6   0x08025dd6   0x0000008c   Code   RO         2648    x$fpl$fnaninf       fz_wm.l(fnaninf.o)
    0x08025e62   0x08025e62   0x0000000a   Code   RO         2801    x$fpl$fpinit        fz_wm.l(fpinit.o)
    0x08025e6c   0x08025e6c   0x0000000a   Code   RO         2650    x$fpl$fretinf       fz_wm.l(fretinf.o)
    0x08025e76   0x08025e76   0x00000064   Code   RO         2731    x$fpl$retnan        fz_wm.l(retnan.o)
    0x08025eda   0x08025eda   0x0000005c   Code   RO         2652    x$fpl$scalbn        fz_wm.l(scalbn.o)
    0x08025f36   0x08025f36   0x00000030   Code   RO         2784    x$fpl$trapveneer    fz_wm.l(trapv.o)
    0x08025f66   0x08025f66   0x00000000   Code   RO         2654    x$fpl$usenofp       fz_wm.l(usenofp.o)
    0x08025f66   0x08025f66   0x00000026   Data   RO         1023    .constdata          bsp_led.o
    0x08025f8c   0x08025f8c   0x00000018   Data   RO         1297    .constdata          app_start_proc.o
    0x08025fa4   0x08025fa4   0x000002c6   Data   RO         1429    .constdata          app_versionselectfunc.o
    0x0802626a   0x0802626a   0x00000002   PAD
    0x0802626c   0x0802626c   0x000000f0   Data   RO         1454    .constdata          app_user.o
    0x0802635c   0x0802635c   0x00000024   Data   RO         1971    .constdata          malloc.o
    0x08026380   0x08026380   0x0000003a   Data   RO         2098    .constdata          ff.o
    0x080263ba   0x080263ba   0x00000028   Data   RO         2514    .constdata          c_w.l(_printf_hex_int.o)
    0x080263e2   0x080263e2   0x00000011   Data   RO         2544    .constdata          c_w.l(__printf_flags_wp.o)
    0x080263f3   0x080263f3   0x00000005   PAD
    0x080263f8   0x080263f8   0x00000088   Data   RO         2599    .constdata          m_wm.l(pow.o)
    0x08026480   0x08026480   0x00000008   Data   RO         2679    .constdata          m_wm.l(qnan.o)
    0x08026488   0x08026488   0x00000020   Data   RO         2861    Region$$Table       anon$$obj.o


    Execution Region RW_IRAM1 (Exec base: 0x20000000, Load base: 0x080264a8, Size: 0x0001e7b8, Max: 0x00020000, ABSOLUTE, COMPRESSED[0x00000278])

    Exec Addr    Load Addr    Size         Type   Attr      Idx    E Section Name        Object

    0x20000000   COMPRESSED   0x00000001   Data   RW            6    .data               main.o
    0x20000001   COMPRESSED   0x00000003   PAD
    0x20000004   COMPRESSED   0x00000014   Data   RW          594    .data               system_stm32f4xx.o
    0x20000018   COMPRESSED   0x00000010   Data   RW          621    .data               sdio_sdcard.o
    0x20000028   COMPRESSED   0x00000002   Data   RW          684    .data               w25qxx.o
    0x2000002a   COMPRESSED   0x00000001   Data   RW          736    .data               bsp_24xx02.o
    0x2000002b   COMPRESSED   0x00000001   Data   RW          737    .data               bsp_24xx02.o
    0x2000002c   COMPRESSED   0x00000001   Data   RW          807    .data               bsp_gpio.o
    0x2000002d   COMPRESSED   0x00000003   PAD
    0x20000030   COMPRESSED   0x00000020   Data   RW          835    .data               bsp_timer.o
    0x20000050   COMPRESSED   0x00000001   Data   RW          846    .data               bsp_timer.o
    0x20000051   COMPRESSED   0x00000202   Data   RW          894    .data               bsp_uart.o
    0x20000253   COMPRESSED   0x00000001   PAD
    0x20000254   COMPRESSED   0x0000000c   Data   RW          950    .data               uart_vgus.o
    0x20000260   COMPRESSED   0x00000004   Data   RW          994    .data               bsp_adc.o
    0x20000264   COMPRESSED   0x00000016   Data   RW         1024    .data               bsp_led.o
    0x2000027a   COMPRESSED   0x00000002   PAD
    0x2000027c   COMPRESSED   0x00000008   Data   RW         1056    .data               bsp_button.o
    0x20000284   COMPRESSED   0x00000002   Data   RW         1083    .data               rtc.o
    0x20000286   COMPRESSED   0x00000004   Data   RW         1085    .data               rtc.o
    0x2000028a   COMPRESSED   0x00000004   Data   RW         1086    .data               rtc.o
    0x2000028e   COMPRESSED   0x00000001   Data   RW         1132    .data               mpu6050.o
    0x2000028f   COMPRESSED   0x00000001   PAD
    0x20000290   COMPRESSED   0x00000018   Data   RW         1182    .data               unbalance.o
    0x200002a8   COMPRESSED   0x00000008   Data   RW         1220    .data               app_controlcomm.o
    0x200002b0   COMPRESSED   0x0000000e   Data   RW         1253    .data               app_comm.o
    0x200002be   COMPRESSED   0x00000001   Data   RW         1254    .data               app_comm.o
    0x200002bf   COMPRESSED   0x00000001   PAD
    0x200002c0   COMPRESSED   0x00000108   Data   RW         1298    .data               app_start_proc.o
    0x200003c8   COMPRESSED   0x00000003   Data   RW         1327    .data               app_beep.o
    0x200003cb   COMPRESSED   0x00000001   Data   RW         1355    .data               app_alarm_record.o
    0x200003cc   COMPRESSED   0x00000056   Data   RW         1455    .data               app_user.o
    0x20000422   COMPRESSED   0x00000005   Data   RW         1483    .data               app_lock_proc.o
    0x20000427   COMPRESSED   0x00000001   PAD
    0x20000428   COMPRESSED   0x00000089   Data   RW         1510    .data               app_temp.o
    0x200004b1   COMPRESSED   0x00000006   Data   RW         1568    .data               app_btn_scan.o
    0x200004b7   COMPRESSED   0x00000001   PAD
    0x200004b8   COMPRESSED   0x00000002   Data   RW         1639    .data               usart.o
    0x200004ba   COMPRESSED   0x00000002   PAD
    0x200004bc   COMPRESSED   0x00000004   Data   RW         1640    .data               usart.o
    0x200004c0   COMPRESSED   0x00000010   Data   RW         1760    .data               stm32f4xx_rcc.o
    0x200004d0   COMPRESSED   0x00000024   Data   RW         1972    .data               malloc.o
    0x200004f4   COMPRESSED   0x00000002   Data   RW         1999    .data               diskio.o
    0x200004f6   COMPRESSED   0x00000002   Data   RW         2099    .data               ff.o
    0x200004f8   COMPRESSED   0x0000000c   Data   RW         2261    .data               usbh_core.o
    0x20000504   COMPRESSED   0x00000004   Data   RW         2262    .data               usbh_core.o
    0x20000508   COMPRESSED   0x00000002   Data   RW         2263    .data               usbh_core.o
    0x2000050a   COMPRESSED   0x00000004   Data   RW         2331    .data               usbh_stdreq.o
    0x2000050e   COMPRESSED   0x00000002   PAD
    0x20000510   COMPRESSED   0x00000014   Data   RW         2359    .data               usbh_msc_bot.o
    0x20000524   COMPRESSED   0x00000002   Data   RW         2387    .data               usbh_msc_core.o
    0x20000526   COMPRESSED   0x00000002   PAD
    0x20000528   COMPRESSED   0x00000010   Data   RW         2388    .data               usbh_msc_core.o
    0x20000538   COMPRESSED   0x00000001   Data   RW         2417    .data               usbh_msc_scsi.o
    0x20000539   COMPRESSED   0x00000003   PAD
    0x2000053c   COMPRESSED   0x00000048   Data   RW         2463    .data               usbh_usr.o
    0x20000584   COMPRESSED   0x00000001   Data   RW         2464    .data               usbh_usr.o
    0x20000585   COMPRESSED   0x00000003   PAD
    0x20000588        -       0x00000640   Zero   RW            4    .bss                main.o
    0x20000bc8        -       0x000002c0   Zero   RW          620    .bss                sdio_sdcard.o
    0x20000e88        -       0x00001000   Zero   RW          683    .bss                w25qxx.o
    0x20001e88        -       0x00000028   Zero   RW          806    .bss                bsp_gpio.o
    0x20001eb0        -       0x0000008a   Zero   RW          833    .bss                bsp_timer.o
    0x20001f3a        -       0x00000628   Zero   RW          893    .bss                bsp_uart.o
    0x20002562        -       0x0000004a   Zero   RW          993    .bss                bsp_adc.o
    0x200025ac        -       0x0000000c   Zero   RW         1055    .bss                bsp_button.o
    0x200025b8        -       0x000000a8   Zero   RW         1128    .bss                mpu6050.o
    0x20002660        -       0x000001f8   Zero   RW         1181    .bss                unbalance.o
    0x20002858        -       0x0000003c   Zero   RW         1219    .bss                app_controlcomm.o
    0x20002894        -       0x0000094a   Zero   RW         1249    .bss                app_comm.o
    0x200031de        -       0x0000003c   Zero   RW         1250    .bss                app_comm.o
    0x2000321a        -       0x0000005c   Zero   RW         1295    .bss                app_start_proc.o
    0x20003276        -       0x0000000c   Zero   RW         1326    .bss                app_beep.o
    0x20003282        -       0x0000003a   Zero   RW         1452    .bss                app_user.o
    0x200032bc        -       0x0000001c   Zero   RW         1509    .bss                app_temp.o
    0x200032d8        -       0x000000c8   Zero   RW         1638    .bss                usart.o
    0x200033a0        -       0x00019000   Zero   RW         1969    .bss                malloc.o
    0x2001c3a0        -       0x00001900   Zero   RW         1970    .bss                malloc.o
    0x2001dca0        -       0x0000000c   Zero   RW         2097    .bss                ff.o
    0x2001dcac        -       0x0000000c   Zero   RW         2119    .bss                exfuns.o
    0x2001dcb8        -       0x00000200   Zero   RW         2330    .bss                usbh_stdreq.o
    0x2001deb8        -       0x00000040   Zero   RW         2358    .bss                usbh_msc_bot.o
    0x2001def8        -       0x0000004a   Zero   RW         2386    .bss                usbh_msc_core.o
    0x2001df42   COMPRESSED   0x00000002   PAD
    0x2001df44        -       0x00000210   Zero   RW         2415    .bss                usbh_msc_scsi.o
    0x2001e154        -       0x00000060   Zero   RW         2715    .bss                c_w.l(libspace.o)
    0x2001e1b4   COMPRESSED   0x00000004   PAD
    0x2001e1b8        -       0x00000200   Zero   RW         1668    HEAP                startup_stm32f40_41xxx.o
    0x2001e3b8        -       0x00000400   Zero   RW         1667    STACK               startup_stm32f40_41xxx.o



  Load Region LR$$.ARM.__AT_0x10000000 (Base: 0x10000000, Size: 0x00000000, Max: 0x0000f000, ABSOLUTE)

    Execution Region ER$$.ARM.__AT_0x10000000 (Exec base: 0x10000000, Load base: 0x10000000, Size: 0x0000f000, Max: 0x0000f000, ABSOLUTE, UNINIT)

    Exec Addr    Load Addr    Size         Type   Attr      Idx    E Section Name        Object

    0x10000000        -       0x0000f000   Zero   RW         1965    .ARM.__AT_0x10000000  malloc.o



  Load Region LR$$.ARM.__AT_0x1000F000 (Base: 0x1000f000, Size: 0x00000000, Max: 0x00000f00, ABSOLUTE)

    Execution Region ER$$.ARM.__AT_0x1000F000 (Exec base: 0x1000f000, Load base: 0x1000f000, Size: 0x00000f00, Max: 0x00000f00, ABSOLUTE, UNINIT)

    Exec Addr    Load Addr    Size         Type   Attr      Idx    E Section Name        Object

    0x1000f000        -       0x00000f00   Zero   RW         1966    .ARM.__AT_0x1000F000  malloc.o



  Load Region LR$$.ARM.__AT_0x68000000 (Base: 0x68000000, Size: 0x00000000, Max: 0x000f0000, ABSOLUTE)

    Execution Region ER$$.ARM.__AT_0x68000000 (Exec base: 0x68000000, Load base: 0x68000000, Size: 0x000f0000, Max: 0x000f0000, ABSOLUTE, UNINIT)

    Exec Addr    Load Addr    Size         Type   Attr      Idx    E Section Name        Object

    0x68000000        -       0x000f0000   Zero   RW         1967    .ARM.__AT_0x68000000  malloc.o



  Load Region LR$$.ARM.__AT_0x680F0000 (Base: 0x680f0000, Size: 0x00000000, Max: 0x0000f000, ABSOLUTE)

    Execution Region ER$$.ARM.__AT_0x680F0000 (Exec base: 0x680f0000, Load base: 0x680f0000, Size: 0x0000f000, Max: 0x0000f000, ABSOLUTE, UNINIT)

    Exec Addr    Load Addr    Size         Type   Attr      Idx    E Section Name        Object

    0x680f0000        -       0x0000f000   Zero   RW         1968    .ARM.__AT_0x680F0000  malloc.o


==============================================================================

Image component sizes


      Code (inc. data)   RO Data    RW Data    ZI Data      Debug   Object Name

         0          0          0          1          0        880   app_alarm_record.o
       368         24          0          3         12       3264   app_beep.o
         0          0          0          6          0       2263   app_btn_scan.o
      1032        102          0         15       2438      10263   app_comm.o
       916         64          0          8         60       4634   app_controlcomm.o
        84         18          0          5          0        951   app_lock_proc.o
      4356        204         24        264         92      20014   app_start_proc.o
      2444         80          0        137         28       8076   app_temp.o
      1568        106        240         86         58       9039   app_user.o
       332          8        710          0          0       3268   app_versionselectfunc.o
       544          6          0          2          0       3513   bsp_24xx02.o
       260         16          0          4         74       1871   bsp_adc.o
       220         14          0          8         12       2901   bsp_button.o
       352         14          0          0          0       1991   bsp_driver.o
       420         28          0          1         40       2143   bsp_gpio.o
       980          6          0          0          0       5390   bsp_i2c_gpio.o
      2068         54         38         22          0       9919   bsp_led.o
       364          8          0          0          0       2055   bsp_mcp3208.o
      1104         84          0         33        138      36324   bsp_timer.o
      1608         90          0        514       1576       7188   bsp_uart.o
       432         12          0          2          0      34274   diskio.o
         0          0          0          0         12       1061   exfuns.o
     13522        140         58          2         12      46852   ff.o
       132          8          0          0          0       1648   kalmen_filte.o
       356         52          0          1       1600     261180   main.o
       860         16         36         36    1218560       7163   malloc.o
       188         12          0          0          0       1989   misc.o
      2600         72          0          0          0       8902   modbus_rtu.o
      2256        146          0          1        168       8050   mpu6050.o
       900          8          0          0          0       4439   mpuiic.o
         4          0          0          0          0        729   mycc936.o
       236          6          0         10          0       2345   rtc.o
      7336        304          0         16        704      30047   sdio_sdcard.o
       296         10          0          0          0       1487   spi.o
        64         26        392          0       1536        840   startup_stm32f40_41xxx.o
       912         12          0          0          0      10834   stm32f4xx_adc.o
       936        106          0          0          0       7485   stm32f4xx_dma.o
       642          0          0          0          0       4749   stm32f4xx_gpio.o
       456         36          0          0          0     342932   stm32f4xx_it.o
        60          6          0          0          0       1389   stm32f4xx_iwdg.o
       296         14          0          0          0       3711   stm32f4xx_pwr.o
      1204        160          0         16          0      13378   stm32f4xx_rcc.o
      2972        148          0          0          0      17770   stm32f4xx_rtc.o
       488         74          0          0          0       7464   stm32f4xx_sdio.o
       956         26          0          0          0       7445   stm32f4xx_spi.o
      3110         10          0          0          0      25794   stm32f4xx_tim.o
       968          6          0          0          0       8276   stm32f4xx_usart.o
        16          0          0          0          0        496   sys.o
       388         52          0         20          0       1839   system_stm32f4xx.o
      2124        108          0         12          0       4746   uart_vgus.o
       952         56          0         24        504       3986   unbalance.o
       252         18          0          6        200       3298   usart.o
       196          8          0          0          0       2191   usb_bsp.o
      2434         20          0          0          0      12576   usb_core.o
       172          0          0          0          0       3032   usb_hcd.o
      3704         10          0          0          0       6975   usb_hcd_int.o
      1740         42          0         18          0       8101   usbh_core.o
       238          0          0          0          0       2744   usbh_hcs.o
       468          0          0          0          0       4596   usbh_ioreq.o
       896         46          0         20         64       6545   usbh_msc_bot.o
       776         26          0         18         74       5025   usbh_msc_core.o
      1036         24          0          1        528       5986   usbh_msc_scsi.o
      1084          8          0          4        512       7207   usbh_stdreq.o
       928        506          0         73          0       5116   usbh_usr.o
      1692         30          0          2       4096       8856   w25qxx.o

    ----------------------------------------------------------------------
     80312       3294       1532       1416    1233100    1091495   Object Totals
         0          0         32          0          0          0   (incl. Generated)
        14          4          2         25          2          0   (incl. Padding)

    ----------------------------------------------------------------------

      Code (inc. data)   RO Data    RW Data    ZI Data      Debug   Library Member Name

        90          0          0          0          0          0   __dczerorl2.o
         8          0          0          0          0         68   __main.o
       312          4         17          0          0         92   __printf_flags_wp.o
        14          0          0          0          0         68   __printf_wp.o
         0          0          0          0          0          0   __rtentry.o
        12          0          0          0          0          0   __rtentry2.o
         6          0          0          0          0          0   __rtentry4.o
        52          8          0          0          0          0   __scatter.o
        28          0          0          0          0          0   __scatter_zi.o
        44          0          0          0          0        108   _printf_char.o
        48          6          0          0          0         96   _printf_char_common.o
        36          4          0          0          0         80   _printf_char_file.o
        88          4         40          0          0         88   _printf_hex_int.o
       178          0          0          0          0         88   _printf_intcommon.o
        78          0          0          0          0        108   _printf_pad.o
         0          0          0          0          0          0   _printf_percent.o
         4          0          0          0          0          0   _printf_percent_end.o
         6          0          0          0          0          0   _printf_s.o
        82          0          0          0          0         80   _printf_str.o
         6          0          0          0          0          0   _printf_x.o
        22          0          0          0          0        100   _rserrno.o
        18          0          0          0          0         80   exit.o
         8          0          0          0          0         68   ferror.o
         6          0          0          0          0        152   heapauxi.o
         2          0          0          0          0          0   libinit.o
         6          0          0          0          0          0   libinit2.o
         2          0          0          0          0          0   libshutdown.o
         2          0          0          0          0          0   libshutdown2.o
         8          4          0          0         96         68   libspace.o
        72          0          0          0          0         76   llsdiv.o
       238          0          0          0          0        100   lludivv7m.o
        24          4          0          0          0         84   noretval__2printf.o
         8          4          0          0          0         68   rt_errno_addr_intlibspace.o
        78          0          0          0          0         80   rt_memclr_w.o
       138          0          0          0          0         68   rt_memcpy_v6.o
       100          0          0          0          0         80   rt_memcpy_w.o
         2          0          0          0          0          0   rtexit.o
        10          0          0          0          0          0   rtexit2.o
        74          0          0          0          0         80   sys_stackheap_outer.o
         2          0          0          0          0         68   use_no_semi.o
         2          0          0          0          0         68   use_no_semi_2.o
        24          0          0          0          0        164   basic.o
        98          4          0          0          0        140   d2f.o
       826         16          0          0          0        492   daddsub_clz.o
        16          4          0          0          0        116   dcheck1.o
        24          0          0          0          0        116   dcmpi.o
       688        140          0          0          0        256   ddiv.o
        94          4          0          0          0        140   dfix.o
        46          0          0          0          0        116   dflt_clz.o
       120          4          0          0          0        140   dleqf.o
       340         12          0          0          0        152   dmul.o
       156          4          0          0          0        140   dnaninf.o
        12          0          0          0          0        116   dretinf.o
       108          0          0          0          0        128   drleqf.o
       408         56          0          0          0        168   dsqrt_umaal.o
        86          4          0          0          0        132   f2d.o
       140          4          0          0          0        132   fnaninf.o
        10          0          0          0          0        116   fpinit.o
        10          0          0          0          0        116   fretinf.o
       100          0          0          0          0        116   retnan.o
        92          0          0          0          0        116   scalbn.o
        48          0          0          0          0        116   trapv.o
         0          0          0          0          0          0   usenofp.o
       164         44          0          0          0        620   dunder.o
        24          0          0          0          0        124   fabs.o
        48          0          0          0          0        124   fpclassify.o
       248          0          0          0          0        152   poly.o
      3152        296        136          0          0        352   pow.o
         0          0          8          0          0          0   qnan.o
       232          0          0          0          0        296   sqrt.o

    ----------------------------------------------------------------------
      9254        630        206          0        100       7012   Library Totals
        26          0          5          0          4          0   (incl. Padding)

    ----------------------------------------------------------------------

      Code (inc. data)   RO Data    RW Data    ZI Data      Debug   Library Name

      1914         38         57          0         96       2116   c_w.l
      3446        252          0          0          0       3228   fz_wm.l
      3868        340        144          0          0       1668   m_wm.l

    ----------------------------------------------------------------------
      9254        630        206          0        100       7012   Library Totals

    ----------------------------------------------------------------------

==============================================================================


      Code (inc. data)   RO Data    RW Data    ZI Data      Debug   

     89566       3924       1738       1416    1233200    1077115   Grand Totals
     89566       3924       1738        632    1233200    1077115   ELF Image Totals (compressed)
     89566       3924       1738        632          0          0   ROM Totals

==============================================================================

    Total RO  Size (Code + RO Data)                91304 (  89.16kB)
    Total RW  Size (RW Data + ZI Data)           1234616 (1205.68kB)
    Total ROM Size (Code + RO Data + RW Data)      91936 (  89.78kB)

==============================================================================

